# Bake Begins!
### (1 of 6) Copy sources
$ cp -a /home/travis/build/fontdirectory/jura/METADATA.json /home/travis/build/fontdirectory/jura/builds/build
$ cp -a /home/travis/build/fontdirectory/jura/DESCRIPTION.en_us.html /home/travis/build/fontdirectory/jura/builds/build
$ cp -a /home/travis/build/fontdirectory/jura/FONTLOG.txt /home/travis/build/fontdirectory/jura/builds/build
$ cp -a Jura-Light.ttf.ttx Jura-Medium.ttf.ttx Jura-Regular.ttf.ttx Jura-DemiBold.ttf.ttx src/Jura-DemiBold.otf.ttx src/Jura-Medium.otf.ttx src/Jura-Regular.otf.ttx src/Jura-Light.otf.ttx src/Jura-DemiBold-TTF.sfd src/Jura-Medium-TTF.sfd src/Jura-Regular-TTF.sfd src/Jura-Light-TTF.sfd Jura-Light.ttf._c_m_a_p.ttx Jura-Light.ttf._k_e_r_n.ttx Jura-Light.ttf.GlyphOrder.ttx Jura-Light.ttf._p_o_s_t.ttx Jura-Light.ttf._n_a_m_e.ttx Jura-Light.ttf.F_F_T_M_.ttx Jura-Light.ttf._g_a_s_p.ttx Jura-Light.ttf._h_h_e_a.ttx Jura-Light.ttf.O_S_2f_2.ttx Jura-Light.ttf._p_r_e_p.ttx Jura-Light.ttf._h_e_a_d.ttx Jura-Light.ttf._l_o_c_a.ttx Jura-Light.ttf._h_m_t_x.ttx Jura-Light.ttf._g_l_y_f.ttx Jura-Light.ttf._m_a_x_p.ttx Jura-Medium.ttf._k_e_r_n.ttx Jura-Medium.ttf._h_h_e_a.ttx Jura-Medium.ttf._l_o_c_a.ttx Jura-Medium.ttf._p_o_s_t.ttx Jura-Medium.ttf._h_m_t_x.ttx Jura-Medium.ttf.F_F_T_M_.ttx Jura-Medium.ttf.GlyphOrder.ttx Jura-Medium.ttf._g_l_y_f.ttx Jura-Medium.ttf._p_r_e_p.ttx Jura-Medium.ttf.O_S_2f_2.ttx Jura-Medium.ttf._c_v_t.ttx Jura-Medium.ttf._h_e_a_d.ttx Jura-Medium.ttf._f_p_g_m.ttx Jura-Medium.ttf._n_a_m_e.ttx Jura-Medium.ttf._c_m_a_p.ttx Jura-Medium.ttf._m_a_x_p.ttx Jura-Medium.ttf._g_a_s_p.ttx Jura-Regular.ttf._g_a_s_p.ttx Jura-Regular.ttf._n_a_m_e.ttx Jura-Regular.ttf._h_m_t_x.ttx Jura-Regular.ttf._g_l_y_f.ttx Jura-Regular.ttf._h_e_a_d.ttx Jura-Regular.ttf.F_F_T_M_.ttx Jura-Regular.ttf._c_m_a_p.ttx Jura-Regular.ttf._k_e_r_n.ttx Jura-Regular.ttf.O_S_2f_2.ttx Jura-Regular.ttf._c_v_t.ttx Jura-Regular.ttf._f_p_g_m.ttx Jura-Regular.ttf._p_r_e_p.ttx Jura-Regular.ttf._l_o_c_a.ttx Jura-Regular.ttf._h_h_e_a.ttx Jura-Regular.ttf._p_o_s_t.ttx Jura-Regular.ttf.GlyphOrder.ttx Jura-Regular.ttf._m_a_x_p.ttx Jura-DemiBold.ttf._n_a_m_e.ttx Jura-DemiBold.ttf._f_p_g_m.ttx Jura-DemiBold.ttf._k_e_r_n.ttx Jura-DemiBold.ttf._h_h_e_a.ttx Jura-DemiBold.ttf._h_e_a_d.ttx Jura-DemiBold.ttf._g_a_s_p.ttx Jura-DemiBold.ttf._p_r_e_p.ttx Jura-DemiBold.ttf._c_v_t.ttx Jura-DemiBold.ttf._h_m_t_x.ttx Jura-DemiBold.ttf._l_o_c_a.ttx Jura-DemiBold.ttf._c_m_a_p.ttx Jura-DemiBold.ttf._p_o_s_t.ttx Jura-DemiBold.ttf.O_S_2f_2.ttx Jura-DemiBold.ttf.F_F_T_M_.ttx Jura-DemiBold.ttf._m_a_x_p.ttx Jura-DemiBold.ttf.GlyphOrder.ttx Jura-DemiBold.ttf._g_l_y_f.ttx src/Jura-DemiBold.otf.G_P_O_S_.ttx src/Jura-DemiBold.otf._m_a_x_p.ttx src/Jura-DemiBold.otf._n_a_m_e.ttx src/Jura-DemiBold.otf._h_h_e_a.ttx src/Jura-DemiBold.otf.GlyphOrder.ttx src/Jura-DemiBold.otf._p_o_s_t.ttx src/Jura-DemiBold.otf.F_F_T_M_.ttx src/Jura-DemiBold.otf._c_m_a_p.ttx src/Jura-DemiBold.otf._h_e_a_d.ttx src/Jura-DemiBold.otf.O_S_2f_2.ttx src/Jura-DemiBold.otf.C_F_F_.ttx src/Jura-DemiBold.otf._h_m_t_x.ttx src/Jura-Medium.otf.GlyphOrder.ttx src/Jura-Medium.otf._h_e_a_d.ttx src/Jura-Medium.otf.O_S_2f_2.ttx src/Jura-Medium.otf._c_m_a_p.ttx src/Jura-Medium.otf.C_F_F_.ttx src/Jura-Medium.otf.F_F_T_M_.ttx src/Jura-Medium.otf._m_a_x_p.ttx src/Jura-Medium.otf._p_o_s_t.ttx src/Jura-Medium.otf._n_a_m_e.ttx src/Jura-Medium.otf._h_h_e_a.ttx src/Jura-Medium.otf._h_m_t_x.ttx src/Jura-Medium.otf.G_P_O_S_.ttx src/Jura-Regular.otf._m_a_x_p.ttx src/Jura-Regular.otf.O_S_2f_2.ttx src/Jura-Regular.otf._p_o_s_t.ttx src/Jura-Regular.otf.GlyphOrder.ttx src/Jura-Regular.otf.C_F_F_.ttx src/Jura-Regular.otf.F_F_T_M_.ttx src/Jura-Regular.otf._h_h_e_a.ttx src/Jura-Regular.otf.G_P_O_S_.ttx src/Jura-Regular.otf._c_m_a_p.ttx src/Jura-Regular.otf._h_m_t_x.ttx src/Jura-Regular.otf._h_e_a_d.ttx src/Jura-Regular.otf._n_a_m_e.ttx src/Jura-Light.otf.O_S_2f_2.ttx src/Jura-Light.otf.G_P_O_S_.ttx src/Jura-Light.otf._c_m_a_p.ttx src/Jura-Light.otf._h_h_e_a.ttx src/Jura-Light.otf.F_F_T_M_.ttx src/Jura-Light.otf.GlyphOrder.ttx src/Jura-Light.otf._m_a_x_p.ttx src/Jura-Light.otf._n_a_m_e.ttx src/Jura-Light.otf._p_o_s_t.ttx src/Jura-Light.otf.C_F_F_.ttx src/Jura-Light.otf._h_e_a_d.ttx src/Jura-Light.otf._h_m_t_x.ttx /home/travis/build/fontdirectory/jura/builds/build/sources
### (2 of 6) pyfontaine
### (3 of 6) Run upstream tests
$ fontbakery-check.py upstream-repo sources
bakery_lint.tests.upstream.test_check_upstream_sources.ProjectUpstreamTestCase.test_bakery_yaml_exists(): OK
bakery_lint.tests.upstream.test_check_upstream_sources.ProjectUpstreamTestCase.test_copyright_notices_same_across_family(): OK
bakery_lint.tests.upstream.test_check_upstream_sources.ProjectUpstreamTestCase.test_description_html_exists(): OK
bakery_lint.tests.upstream.test_check_upstream_sources.ProjectUpstreamTestCase.test_fontlog_txt_exists(): OK
bakery_lint.tests.upstream.test_check_upstream_sources.ProjectUpstreamTestCase.test_metadata_json_exists(): OK
$ fontaine --collections subsets --text /home/travis/build/fontdirectory/jura/builds/build/sources/Jura-DemiBold.otf.ttx /home/travis/build/fontdirectory/jura/builds/build/sources/Jura-Light.ttf.ttx /home/travis/build/fontdirectory/jura/builds/build/sources/Jura-Medium.otf.ttx /home/travis/build/fontdirectory/jura/builds/build/sources/Jura-Medium.ttf.ttx /home/travis/build/fontdirectory/jura/builds/build/sources/Jura-Regular.otf.ttx /home/travis/build/fontdirectory/jura/builds/build/sources/Jura-Regular.ttf.ttx /home/travis/build/fontdirectory/jura/builds/build/sources/Jura-DemiBold.ttf.ttx /home/travis/build/fontdirectory/jura/builds/build/sources/Jura-Light.otf.ttx /home/travis/build/fontdirectory/jura/builds/build/sources/Jura-DemiBold-TTF.sfd /home/travis/build/fontdirectory/jura/builds/build/sources/Jura-Medium-TTF.sfd /home/travis/build/fontdirectory/jura/builds/build/sources/Jura-Regular-TTF.sfd /home/travis/build/fontdirectory/jura/builds/build/sources/Jura-Light-TTF.sfd > fontaine.txt
WARNING: Please install [PyICU](https://pypi.python.org/pypi/PyICU) toenable [feature], perhaps with: pip install pyicu
pyfontaine error: Not a TrueType or OpenType font (bad sfntVersion)
pyfontaine process has been failed
bakery_lint.tests.upstream.test_prepolation.FontTestPrepolation.test_font_prepolation_glyph_contours(): OK
bakery_lint.tests.upstream.test_prepolation.FontTestPrepolation.test_font_prepolation_glyph_points(): OK
bakery_lint.tests.upstream.test_prepolation.FontTestPrepolation.test_font_test_prepolation_glyph_names(): OK
bakery_lint.tests.upstream.test_diacritic.TestDiacritic.test_diacritic_made_as_component(): OK
bakery_lint.tests.upstream.test_diacritic.TestDiacritic.test_diacritic_made_as_mark_to_mark(): OK
bakery_lint.tests.upstream.test_diacritic.TestDiacritic.test_diacritic_made_as_own_glyphs(): OK
$ fontbakery-check.py upstream-ttx Jura-DemiBold.otf.ttx
bakery_lint.tests.upstream.test_check_ttx_fontfamily_recommendations.TTX_FontFamilyNamingTest.test_ttx_family_naming_recommendation(): OK
bakery_lint.tests.upstream.test_glyphname_does_not_contain_disallowed_chars.TestGlyphNameDoesNotContainsDisallowedChars.test_glyphname_does_not_contain_disallowed_chars(): FAIL
bakery_lint.tests.upstream.test_font_filename_eq_familystyle.TestTTFSourceFontFileNameEqualsFamilyStyle.test_source_ttf_font_filename_equals_familystyle(): FAIL
$ mv /home/travis/build/fontdirectory/jura/builds/build/sources/Jura-DemiBold.otf.ttx /home/travis/build/fontdirectory/jura/builds/build/sources/Jura-DemiBold.ttx
bakery_lint.tests.upstream.test_font_filename_eq_familystyle.TestTTFSourceFontFileNameEqualsFamilyStyle.test_source_ttf_font_filename_equals_familystyle(): OK
bakery_lint.tests.upstream.test_check_ttx_requirements.SourceTTXTest.test_epar_in_keys(): FAIL
bakery_lint.tests.upstream.test_check_ttx_requirements.SourceTTXTest.test_os2_in_keys(): OK
bakery_lint.tests.upstream.test_check_ttx_requirements.SourceTTXTest.test_ttx_doesnt_contain_duplicate_glyphs(): OK
$ fontbakery-check.py upstream-ttx Jura-Light.ttf.ttx
bakery_lint.tests.upstream.test_check_ttx_fontfamily_recommendations.TTX_FontFamilyNamingTest.test_ttx_family_naming_recommendation(): OK
bakery_lint.tests.upstream.test_glyphname_does_not_contain_disallowed_chars.TestGlyphNameDoesNotContainsDisallowedChars.test_glyphname_does_not_contain_disallowed_chars(): FAIL
bakery_lint.tests.upstream.test_font_filename_eq_familystyle.TestTTFSourceFontFileNameEqualsFamilyStyle.test_source_ttf_font_filename_equals_familystyle(): FAIL
$ mv /home/travis/build/fontdirectory/jura/builds/build/sources/Jura-Light.ttf.ttx /home/travis/build/fontdirectory/jura/builds/build/sources/Jura-Light.ttx
bakery_lint.tests.upstream.test_font_filename_eq_familystyle.TestTTFSourceFontFileNameEqualsFamilyStyle.test_source_ttf_font_filename_equals_familystyle(): OK
bakery_lint.tests.upstream.test_check_ttx_requirements.SourceTTXTest.test_epar_in_keys(): FAIL
bakery_lint.tests.upstream.test_check_ttx_requirements.SourceTTXTest.test_os2_in_keys(): OK
bakery_lint.tests.upstream.test_check_ttx_requirements.SourceTTXTest.test_ttx_doesnt_contain_duplicate_glyphs(): OK
$ fontbakery-check.py upstream-ttx Jura-Medium.otf.ttx
bakery_lint.tests.upstream.test_check_ttx_fontfamily_recommendations.TTX_FontFamilyNamingTest.test_ttx_family_naming_recommendation(): OK
bakery_lint.tests.upstream.test_glyphname_does_not_contain_disallowed_chars.TestGlyphNameDoesNotContainsDisallowedChars.test_glyphname_does_not_contain_disallowed_chars(): FAIL
bakery_lint.tests.upstream.test_font_filename_eq_familystyle.TestTTFSourceFontFileNameEqualsFamilyStyle.test_source_ttf_font_filename_equals_familystyle(): FAIL
$ mv /home/travis/build/fontdirectory/jura/builds/build/sources/Jura-Medium.otf.ttx /home/travis/build/fontdirectory/jura/builds/build/sources/Jura-Medium.ttx
bakery_lint.tests.upstream.test_font_filename_eq_familystyle.TestTTFSourceFontFileNameEqualsFamilyStyle.test_source_ttf_font_filename_equals_familystyle(): OK
bakery_lint.tests.upstream.test_check_ttx_requirements.SourceTTXTest.test_epar_in_keys(): FAIL
bakery_lint.tests.upstream.test_check_ttx_requirements.SourceTTXTest.test_os2_in_keys(): OK
bakery_lint.tests.upstream.test_check_ttx_requirements.SourceTTXTest.test_ttx_doesnt_contain_duplicate_glyphs(): OK
$ fontbakery-check.py upstream-ttx Jura-Medium.ttf.ttx
bakery_lint.tests.upstream.test_check_ttx_fontfamily_recommendations.TTX_FontFamilyNamingTest.test_ttx_family_naming_recommendation(): OK
bakery_lint.tests.upstream.test_glyphname_does_not_contain_disallowed_chars.TestGlyphNameDoesNotContainsDisallowedChars.test_glyphname_does_not_contain_disallowed_chars(): FAIL
bakery_lint.tests.upstream.test_font_filename_eq_familystyle.TestTTFSourceFontFileNameEqualsFamilyStyle.test_source_ttf_font_filename_equals_familystyle(): FAIL
$ mv /home/travis/build/fontdirectory/jura/builds/build/sources/Jura-Medium.ttf.ttx /home/travis/build/fontdirectory/jura/builds/build/sources/Jura-Medium.ttx
bakery_lint.tests.upstream.test_font_filename_eq_familystyle.TestTTFSourceFontFileNameEqualsFamilyStyle.test_source_ttf_font_filename_equals_familystyle(): OK
bakery_lint.tests.upstream.test_check_ttx_requirements.SourceTTXTest.test_epar_in_keys(): FAIL
bakery_lint.tests.upstream.test_check_ttx_requirements.SourceTTXTest.test_os2_in_keys(): OK
bakery_lint.tests.upstream.test_check_ttx_requirements.SourceTTXTest.test_ttx_doesnt_contain_duplicate_glyphs(): OK
$ fontbakery-check.py upstream-ttx Jura-Regular.otf.ttx
bakery_lint.tests.upstream.test_check_ttx_fontfamily_recommendations.TTX_FontFamilyNamingTest.test_ttx_family_naming_recommendation(): OK
bakery_lint.tests.upstream.test_glyphname_does_not_contain_disallowed_chars.TestGlyphNameDoesNotContainsDisallowedChars.test_glyphname_does_not_contain_disallowed_chars(): FAIL
bakery_lint.tests.upstream.test_font_filename_eq_familystyle.TestTTFSourceFontFileNameEqualsFamilyStyle.test_source_ttf_font_filename_equals_familystyle(): FAIL
$ mv /home/travis/build/fontdirectory/jura/builds/build/sources/Jura-Regular.otf.ttx /home/travis/build/fontdirectory/jura/builds/build/sources/Jura-Book.ttx
bakery_lint.tests.upstream.test_font_filename_eq_familystyle.TestTTFSourceFontFileNameEqualsFamilyStyle.test_source_ttf_font_filename_equals_familystyle(): OK
bakery_lint.tests.upstream.test_check_ttx_requirements.SourceTTXTest.test_epar_in_keys(): FAIL
bakery_lint.tests.upstream.test_check_ttx_requirements.SourceTTXTest.test_os2_in_keys(): OK
bakery_lint.tests.upstream.test_check_ttx_requirements.SourceTTXTest.test_ttx_doesnt_contain_duplicate_glyphs(): OK
$ fontbakery-check.py upstream-ttx Jura-Regular.ttf.ttx
bakery_lint.tests.upstream.test_check_ttx_fontfamily_recommendations.TTX_FontFamilyNamingTest.test_ttx_family_naming_recommendation(): OK
bakery_lint.tests.upstream.test_glyphname_does_not_contain_disallowed_chars.TestGlyphNameDoesNotContainsDisallowedChars.test_glyphname_does_not_contain_disallowed_chars(): FAIL
bakery_lint.tests.upstream.test_font_filename_eq_familystyle.TestTTFSourceFontFileNameEqualsFamilyStyle.test_source_ttf_font_filename_equals_familystyle(): FAIL
$ mv /home/travis/build/fontdirectory/jura/builds/build/sources/Jura-Regular.ttf.ttx /home/travis/build/fontdirectory/jura/builds/build/sources/Jura-Regular.ttx
bakery_lint.tests.upstream.test_font_filename_eq_familystyle.TestTTFSourceFontFileNameEqualsFamilyStyle.test_source_ttf_font_filename_equals_familystyle(): OK
bakery_lint.tests.upstream.test_check_ttx_requirements.SourceTTXTest.test_epar_in_keys(): FAIL
bakery_lint.tests.upstream.test_check_ttx_requirements.SourceTTXTest.test_os2_in_keys(): OK
bakery_lint.tests.upstream.test_check_ttx_requirements.SourceTTXTest.test_ttx_doesnt_contain_duplicate_glyphs(): OK
$ fontbakery-check.py upstream-ttx Jura-DemiBold.ttf.ttx
bakery_lint.tests.upstream.test_check_ttx_fontfamily_recommendations.TTX_FontFamilyNamingTest.test_ttx_family_naming_recommendation(): OK
bakery_lint.tests.upstream.test_glyphname_does_not_contain_disallowed_chars.TestGlyphNameDoesNotContainsDisallowedChars.test_glyphname_does_not_contain_disallowed_chars(): FAIL
bakery_lint.tests.upstream.test_font_filename_eq_familystyle.TestTTFSourceFontFileNameEqualsFamilyStyle.test_source_ttf_font_filename_equals_familystyle(): FAIL
$ mv /home/travis/build/fontdirectory/jura/builds/build/sources/Jura-DemiBold.ttf.ttx /home/travis/build/fontdirectory/jura/builds/build/sources/Jura-DemiBold.ttx
bakery_lint.tests.upstream.test_font_filename_eq_familystyle.TestTTFSourceFontFileNameEqualsFamilyStyle.test_source_ttf_font_filename_equals_familystyle(): OK
bakery_lint.tests.upstream.test_check_ttx_requirements.SourceTTXTest.test_epar_in_keys(): FAIL
bakery_lint.tests.upstream.test_check_ttx_requirements.SourceTTXTest.test_os2_in_keys(): OK
bakery_lint.tests.upstream.test_check_ttx_requirements.SourceTTXTest.test_ttx_doesnt_contain_duplicate_glyphs(): OK
$ fontbakery-check.py upstream-ttx Jura-Light.otf.ttx
bakery_lint.tests.upstream.test_check_ttx_fontfamily_recommendations.TTX_FontFamilyNamingTest.test_ttx_family_naming_recommendation(): OK
bakery_lint.tests.upstream.test_glyphname_does_not_contain_disallowed_chars.TestGlyphNameDoesNotContainsDisallowedChars.test_glyphname_does_not_contain_disallowed_chars(): FAIL
bakery_lint.tests.upstream.test_font_filename_eq_familystyle.TestTTFSourceFontFileNameEqualsFamilyStyle.test_source_ttf_font_filename_equals_familystyle(): FAIL
$ mv /home/travis/build/fontdirectory/jura/builds/build/sources/Jura-Light.otf.ttx /home/travis/build/fontdirectory/jura/builds/build/sources/Jura-Light.ttx
bakery_lint.tests.upstream.test_font_filename_eq_familystyle.TestTTFSourceFontFileNameEqualsFamilyStyle.test_source_ttf_font_filename_equals_familystyle(): OK
bakery_lint.tests.upstream.test_check_ttx_requirements.SourceTTXTest.test_epar_in_keys(): FAIL
bakery_lint.tests.upstream.test_check_ttx_requirements.SourceTTXTest.test_os2_in_keys(): OK
bakery_lint.tests.upstream.test_check_ttx_requirements.SourceTTXTest.test_ttx_doesnt_contain_duplicate_glyphs(): OK
$ fontbakery-check.py upstream Jura-DemiBold-TTF.sfd
bakery_lint.tests.upstream.test_check_ufo_requirements.UfoOpenTest.test_has_rupee(): ERROR
bakery_lint.tests.upstream.test_check_ufo_requirements.UfoOpenTest.test_is_A(): ERROR
bakery_lint.tests.upstream.test_check_ufo_requirements.UfoOpenTest.test_is_A_a_glyph_instance(): ERROR
bakery_lint.tests.upstream.test_check_ufo_requirements.UfoOpenTest.test_is_ended_ufo(): ERROR
bakery_lint.tests.upstream.test_check_ufo_requirements.UfoOpenTest.test_is_folder(): ERROR
bakery_lint.tests.upstream.test_check_ufo_requirements.UfoOpenTest.test_is_fsType_eq_1(): ERROR
bakery_lint.tests.upstream.test_check_ufo_requirements.UfoOpenTest.test_it_exists(): ERROR
bakery_lint.tests.upstream.test_font_filename_eq_familystyle.TestTTFSourceFontFileNameEqualsFamilyStyle.test_source_ttf_font_filename_equals_familystyle(): ERROR
bakery_lint.tests.upstream.test_unicode_value_should_appear_only_once_per_font.UnicodeValueShouldAppearOnlyOnce.testUnicodeValue(): ERROR
bakery_lint.tests.upstream.test_check_ufo_fontfamily_recommendations.TestUFOFontFamilyNamingTest.test_familyname_less_than_32_chars(): OK
bakery_lint.tests.upstream.test_check_ufo_fontfamily_recommendations.TestUFOFontFamilyNamingTest.test_fullfontname_less_than_64_chars(): OK
bakery_lint.tests.upstream.test_check_ufo_fontfamily_recommendations.TestUFOFontFamilyNamingTest.test_postscriptname_consistof_allowed_chars(): OK
bakery_lint.tests.upstream.test_check_ufo_fontfamily_recommendations.TestUFOFontFamilyNamingTest.test_postscriptname_less_than_30_chars(): OK
bakery_lint.tests.upstream.test_check_ufo_fontfamily_recommendations.TestUFOFontFamilyNamingTest.test_stylename_less_than_32_chars(): OK
bakery_lint.tests.upstream.test_check_ufo_fontfamily_recommendations.TestUFOFontFamilyNamingTest.test_weight_value_range_between_250_and_900(): OK
bakery_lint.tests.upstream.test_contour_count.TestContourCount.test_contour_count(): ERROR
$ fontbakery-check.py upstream Jura-Medium-TTF.sfd
bakery_lint.tests.upstream.test_check_ufo_requirements.UfoOpenTest.test_has_rupee(): ERROR
bakery_lint.tests.upstream.test_check_ufo_requirements.UfoOpenTest.test_is_A(): ERROR
bakery_lint.tests.upstream.test_check_ufo_requirements.UfoOpenTest.test_is_A_a_glyph_instance(): ERROR
bakery_lint.tests.upstream.test_check_ufo_requirements.UfoOpenTest.test_is_ended_ufo(): ERROR
bakery_lint.tests.upstream.test_check_ufo_requirements.UfoOpenTest.test_is_folder(): ERROR
bakery_lint.tests.upstream.test_check_ufo_requirements.UfoOpenTest.test_is_fsType_eq_1(): ERROR
bakery_lint.tests.upstream.test_check_ufo_requirements.UfoOpenTest.test_it_exists(): ERROR
bakery_lint.tests.upstream.test_font_filename_eq_familystyle.TestTTFSourceFontFileNameEqualsFamilyStyle.test_source_ttf_font_filename_equals_familystyle(): ERROR
bakery_lint.tests.upstream.test_unicode_value_should_appear_only_once_per_font.UnicodeValueShouldAppearOnlyOnce.testUnicodeValue(): ERROR
bakery_lint.tests.upstream.test_check_ufo_fontfamily_recommendations.TestUFOFontFamilyNamingTest.test_familyname_less_than_32_chars(): OK
bakery_lint.tests.upstream.test_check_ufo_fontfamily_recommendations.TestUFOFontFamilyNamingTest.test_fullfontname_less_than_64_chars(): OK
bakery_lint.tests.upstream.test_check_ufo_fontfamily_recommendations.TestUFOFontFamilyNamingTest.test_postscriptname_consistof_allowed_chars(): OK
bakery_lint.tests.upstream.test_check_ufo_fontfamily_recommendations.TestUFOFontFamilyNamingTest.test_postscriptname_less_than_30_chars(): OK
bakery_lint.tests.upstream.test_check_ufo_fontfamily_recommendations.TestUFOFontFamilyNamingTest.test_stylename_less_than_32_chars(): OK
bakery_lint.tests.upstream.test_check_ufo_fontfamily_recommendations.TestUFOFontFamilyNamingTest.test_weight_value_range_between_250_and_900(): OK
bakery_lint.tests.upstream.test_contour_count.TestContourCount.test_contour_count(): ERROR
$ fontbakery-check.py upstream Jura-Regular-TTF.sfd
bakery_lint.tests.upstream.test_check_ufo_requirements.UfoOpenTest.test_has_rupee(): ERROR
bakery_lint.tests.upstream.test_check_ufo_requirements.UfoOpenTest.test_is_A(): ERROR
bakery_lint.tests.upstream.test_check_ufo_requirements.UfoOpenTest.test_is_A_a_glyph_instance(): ERROR
bakery_lint.tests.upstream.test_check_ufo_requirements.UfoOpenTest.test_is_ended_ufo(): ERROR
bakery_lint.tests.upstream.test_check_ufo_requirements.UfoOpenTest.test_is_folder(): ERROR
bakery_lint.tests.upstream.test_check_ufo_requirements.UfoOpenTest.test_is_fsType_eq_1(): ERROR
bakery_lint.tests.upstream.test_check_ufo_requirements.UfoOpenTest.test_it_exists(): ERROR
bakery_lint.tests.upstream.test_font_filename_eq_familystyle.TestTTFSourceFontFileNameEqualsFamilyStyle.test_source_ttf_font_filename_equals_familystyle(): ERROR
bakery_lint.tests.upstream.test_unicode_value_should_appear_only_once_per_font.UnicodeValueShouldAppearOnlyOnce.testUnicodeValue(): ERROR
bakery_lint.tests.upstream.test_check_ufo_fontfamily_recommendations.TestUFOFontFamilyNamingTest.test_familyname_less_than_32_chars(): OK
bakery_lint.tests.upstream.test_check_ufo_fontfamily_recommendations.TestUFOFontFamilyNamingTest.test_fullfontname_less_than_64_chars(): OK
bakery_lint.tests.upstream.test_check_ufo_fontfamily_recommendations.TestUFOFontFamilyNamingTest.test_postscriptname_consistof_allowed_chars(): OK
bakery_lint.tests.upstream.test_check_ufo_fontfamily_recommendations.TestUFOFontFamilyNamingTest.test_postscriptname_less_than_30_chars(): OK
bakery_lint.tests.upstream.test_check_ufo_fontfamily_recommendations.TestUFOFontFamilyNamingTest.test_stylename_less_than_32_chars(): OK
bakery_lint.tests.upstream.test_check_ufo_fontfamily_recommendations.TestUFOFontFamilyNamingTest.test_weight_value_range_between_250_and_900(): OK
bakery_lint.tests.upstream.test_contour_count.TestContourCount.test_contour_count(): ERROR
$ fontbakery-check.py upstream Jura-Light-TTF.sfd
bakery_lint.tests.upstream.test_check_ufo_requirements.UfoOpenTest.test_has_rupee(): ERROR
bakery_lint.tests.upstream.test_check_ufo_requirements.UfoOpenTest.test_is_A(): ERROR
bakery_lint.tests.upstream.test_check_ufo_requirements.UfoOpenTest.test_is_A_a_glyph_instance(): ERROR
bakery_lint.tests.upstream.test_check_ufo_requirements.UfoOpenTest.test_is_ended_ufo(): ERROR
bakery_lint.tests.upstream.test_check_ufo_requirements.UfoOpenTest.test_is_folder(): ERROR
bakery_lint.tests.upstream.test_check_ufo_requirements.UfoOpenTest.test_is_fsType_eq_1(): ERROR
bakery_lint.tests.upstream.test_check_ufo_requirements.UfoOpenTest.test_it_exists(): ERROR
bakery_lint.tests.upstream.test_font_filename_eq_familystyle.TestTTFSourceFontFileNameEqualsFamilyStyle.test_source_ttf_font_filename_equals_familystyle(): ERROR
bakery_lint.tests.upstream.test_unicode_value_should_appear_only_once_per_font.UnicodeValueShouldAppearOnlyOnce.testUnicodeValue(): ERROR
bakery_lint.tests.upstream.test_check_ufo_fontfamily_recommendations.TestUFOFontFamilyNamingTest.test_familyname_less_than_32_chars(): OK
bakery_lint.tests.upstream.test_check_ufo_fontfamily_recommendations.TestUFOFontFamilyNamingTest.test_fullfontname_less_than_64_chars(): OK
bakery_lint.tests.upstream.test_check_ufo_fontfamily_recommendations.TestUFOFontFamilyNamingTest.test_postscriptname_consistof_allowed_chars(): OK
bakery_lint.tests.upstream.test_check_ufo_fontfamily_recommendations.TestUFOFontFamilyNamingTest.test_postscriptname_less_than_30_chars(): OK
bakery_lint.tests.upstream.test_check_ufo_fontfamily_recommendations.TestUFOFontFamilyNamingTest.test_stylename_less_than_32_chars(): OK
bakery_lint.tests.upstream.test_check_ufo_fontfamily_recommendations.TestUFOFontFamilyNamingTest.test_weight_value_range_between_250_and_900(): OK
bakery_lint.tests.upstream.test_contour_count.TestContourCount.test_contour_count(): ERROR
### (4 of 6) Convert sources to TTF
$ ttx -d /home/travis/build/fontdirectory/jura/builds/build /home/travis/build/fontdirectory/jura/builds/build/sources/Jura-Medium.ttx /home/travis/build/fontdirectory/jura/builds/build/sources/Jura-Book.ttx /home/travis/build/fontdirectory/jura/builds/build/sources/Jura-DemiBold.ttx /home/travis/build/fontdirectory/jura/builds/build/sources/Jura-Light.ttx /home/travis/build/fontdirectory/jura/builds/build/sources/Jura-Regular.ttx
strippedname:/home/travis/build/fontdirectory/jura/builds/build/sources/Jura-DemiBold-TTF.sfd
strippedname:/home/travis/build/fontdirectory/jura/builds/build/sources/Jura-Medium-TTF.sfd
strippedname:/home/travis/build/fontdirectory/jura/builds/build/sources/Jura-Regular-TTF.sfd
strippedname:/home/travis/build/fontdirectory/jura/builds/build/sources/Jura-Light-TTF.sfd
Compiling "/home/travis/build/fontdirectory/jura/builds/build/sources/Jura-Medium.ttx" to "/home/travis/build/fontdirectory/jura/builds/build/Jura-Medium.ttf"...
Parsing 'GlyphOrder' table...
Parsing 'head' table...
Parsing 'hhea' table...
Parsing 'maxp' table...
Parsing 'OS/2' table...
Parsing 'hmtx' table...
Parsing 'cmap' table...
Parsing 'fpgm' table...
Parsing 'prep' table...
Parsing 'cvt ' table...
Parsing 'loca' table...
Parsing 'glyf' table...
Parsing 'kern' table...
Parsing 'name' table...
Parsing 'post' table...
Parsing 'gasp' table...
Parsing 'FFTM' table...
Compiling "/home/travis/build/fontdirectory/jura/builds/build/sources/Jura-Book.ttx" to "/home/travis/build/fontdirectory/jura/builds/build/Jura-Book.otf"...
Parsing 'GlyphOrder' table...
Parsing 'head' table...
Parsing 'hhea' table...
Parsing 'maxp' table...
Parsing 'OS/2' table...
Parsing 'name' table...
Parsing 'cmap' table...
Parsing 'post' table...
Parsing 'CFF ' table...
Parsing 'FFTM' table...
Parsing 'GPOS' table...
Parsing 'hmtx' table...
Compiling "/home/travis/build/fontdirectory/jura/builds/build/sources/Jura-DemiBold.ttx" to "/home/travis/build/fontdirectory/jura/builds/build/Jura-DemiBold.ttf"...
Parsing 'GlyphOrder' table...
Parsing 'head' table...
Parsing 'hhea' table...
Parsing 'maxp' table...
Parsing 'OS/2' table...
Parsing 'hmtx' table...
Parsing 'cmap' table...
Parsing 'fpgm' table...
Parsing 'prep' table...
Parsing 'cvt ' table...
Parsing 'loca' table...
Parsing 'glyf' table...
Parsing 'kern' table...
Parsing 'name' table...
Parsing 'post' table...
Parsing 'gasp' table...
Parsing 'FFTM' table...
Compiling "/home/travis/build/fontdirectory/jura/builds/build/sources/Jura-Light.ttx" to "/home/travis/build/fontdirectory/jura/builds/build/Jura-Light.otf"...
Parsing 'GlyphOrder' table...
Parsing 'head' table...
Parsing 'hhea' table...
Parsing 'maxp' table...
Parsing 'OS/2' table...
Parsing 'name' table...
Parsing 'cmap' table...
Parsing 'post' table...
Parsing 'CFF ' table...
Parsing 'FFTM' table...
Parsing 'GPOS' table...
Parsing 'hmtx' table...
Compiling "/home/travis/build/fontdirectory/jura/builds/build/sources/Jura-Regular.ttx" to "/home/travis/build/fontdirectory/jura/builds/build/Jura-Regular.ttf"...
Parsing 'GlyphOrder' table...
Parsing 'head' table...
Parsing 'hhea' table...
Parsing 'maxp' table...
Parsing 'OS/2' table...
Parsing 'hmtx' table...
Parsing 'cmap' table...
Parsing 'fpgm' table...
Parsing 'prep' table...
Parsing 'cvt ' table...
Parsing 'loca' table...
Parsing 'glyf' table...
Parsing 'kern' table...
Parsing 'name' table...
Parsing 'post' table...
Parsing 'gasp' table...
Parsing 'FFTM' table...
### Test Jura-Medium.ttf
$ fontbakery-check.py result Jura-Medium.ttf
bakery_lint.tests.downstream.test_check_os2_width_class.CheckOS2WidthClass.test_check_os2_width_class(): OK
bakery_lint.tests.downstream.test_check_license_included.CheckLicenseIncluded.test_license_included_in_font_names(): OK
The glyph named Delta is mapped to U+0394.
But its name indicates it should be mapped to U+2206.
The glyph named Omega is mapped to U+03A9.
But its name indicates it should be mapped to U+2126.
The glyph named mu is mapped to U+03BC.
But its name indicates it should be mapped to U+00B5.
bakery_lint.tests.downstream.test_fontforge_validation_state.FontForgeValidateStateTest.test_allowed_numbers_paths_in_composite_glyphs(): OK
bakery_lint.tests.downstream.test_fontforge_validation_state.FontForgeValidateStateTest.test_allowed_numbers_paths_in_glyphs(): OK
bakery_lint.tests.downstream.test_fontforge_validation_state.FontForgeValidateStateTest.test_allowed_numbers_points_in_composite_glyphs(): OK
bakery_lint.tests.downstream.test_fontforge_validation_state.FontForgeValidateStateTest.test_allowed_numbers_points_in_glyphs(): OK
bakery_lint.tests.downstream.test_fontforge_validation_state.FontForgeValidateStateTest.test_duplicate_glyphs(): OK
bakery_lint.tests.downstream.test_fontforge_validation_state.FontForgeValidateStateTest.test_duplicate_unicode_codepoints(): OK
bakery_lint.tests.downstream.test_fontforge_validation_state.FontForgeValidateStateTest.test_flipped_reference_in_glyphs(): OK
bakery_lint.tests.downstream.test_fontforge_validation_state.FontForgeValidateStateTest.test_missing_anchors(): OK
bakery_lint.tests.downstream.test_fontforge_validation_state.FontForgeValidateStateTest.test_missing_extrema_in_glyphs(): OK
bakery_lint.tests.downstream.test_fontforge_validation_state.FontForgeValidateStateTest.test_overlapped_hints(): OK
bakery_lint.tests.downstream.test_fontforge_validation_state.FontForgeValidateStateTest.test_points_are_integer_aligned(): OK
bakery_lint.tests.downstream.test_fontforge_validation_state.FontForgeValidateStateTest.test_points_are_not_too_far_apart(): OK
bakery_lint.tests.downstream.test_fontforge_validation_state.FontForgeValidateStateTest.test_postscript_hasnt_limit_hints_in_glyphs(): OK
bakery_lint.tests.downstream.test_fontforge_validation_state.FontForgeValidateStateTest.test_postscript_hasnt_limit_points_in_glyphs(): OK
bakery_lint.tests.downstream.test_fontforge_validation_state.FontForgeValidateStateTest.test_referenced_glyphs_are_present(): OK
bakery_lint.tests.downstream.test_fontforge_validation_state.FontForgeValidateStateTest.test_valid_glyph_names(): OK
bakery_lint.tests.downstream.test_fontforge_validation_state.FontForgeValidateStateTest.test_valid_length_instructions(): OK
bakery_lint.tests.downstream.test_fontforge_validation_state.FontForgeValidateStateTest.test_validation_glyph_intersect(): OK
bakery_lint.tests.downstream.test_fontforge_validation_state.FontForgeValidateStateTest.test_validation_open_contours(): OK
bakery_lint.tests.downstream.test_fontforge_validation_state.FontForgeValidateStateTest.test_wrong_direction_in_glyphs(): OK
bakery_lint.tests.downstream.test_check_magic_prep_code.CheckMagicPREPByteCode.test_prep_magic_code(): OK
bakery_lint.tests.downstream.test_check_nbsp_width_matches_sp_width.CheckNbspWidthMatchesSpWidth.test_check_nbsp_width_matches_sp_width(): FAIL
$ fontbakery-fix-nbsp.py /home/travis/build/fontdirectory/jura/builds/build/Jura-Medium.ttf
$ mv /home/travis/build/fontdirectory/jura/builds/build/Jura-Medium.ttf.fix /home/travis/build/fontdirectory/jura/builds/build/Jura-Medium.ttf
bakery_lint.tests.downstream.test_check_nbsp_width_matches_sp_width.CheckNbspWidthMatchesSpWidth.test_check_nbsp_width_matches_sp_width(): FAIL
bakery_lint.tests.downstream.test_check_font_agreements.CheckFsTypeIsNotSet.test_is_fstype_not_set(): OK
$ fontbakery-fix-fstype.py --autofix /home/travis/build/fontdirectory/jura/builds/build/Jura-Medium.ttf
$ mv /home/travis/build/fontdirectory/jura/builds/build/Jura-Medium.ttf.fix /home/travis/build/fontdirectory/jura/builds/build/Jura-Medium.ttf
bakery_lint.tests.downstream.test_check_font_agreements.CheckFontAgreements.test_em_is_1000(): FAIL
bakery_lint.tests.downstream.test_check_font_agreements.CheckFontAgreements.test_font_is_font(): OK
bakery_lint.tests.downstream.test_check_font_agreements.CheckFontAgreements.test_latin_file_exists(): FAIL
bakery_lint.tests.downstream.test_check_font_agreements.CheckFontAgreements.test_menu_file_exists(): FAIL
bakery_lint.tests.downstream.test_check_names_same_across_platforms.CheckNamesSameAcrossPlatforms.test_check_names_same_across_platforms(): OK
bakery_lint.tests.downstream.test_check_full_font_name_begins_with_family_name.CheckFullFontNameBeginsWithFamilyName.test_check_full_font_name_begins_with_family_name(): OK
bakery_lint.tests.downstream.test_check_hmtx_hhea_max_advance_width_agreement.CheckHmtxHheaMaxAdvanceWidthAgreement.test_check_hmtx_hhea_max_advance_width_agreement(): OK
bakery_lint.tests.downstream.test_check_vertical_metrics.CheckVerticalLinegapMetrics.test_metrics_linegaps_are_zero(): FAIL
$ fontbakery-fix-vertical-metrics.py --autofix /home/travis/build/fontdirectory/jura/builds/build/Jura-Book.otf /home/travis/build/fontdirectory/jura/builds/build/Jura-Medium.ttf /home/travis/build/fontdirectory/jura/builds/build/Jura-DemiBold.ttf /home/travis/build/fontdirectory/jura/builds/build/Jura-Regular.ttf /home/travis/build/fontdirectory/jura/builds/build/Jura-Light.otf
$ mv /home/travis/build/fontdirectory/jura/builds/build/Jura-Book.otf.fix /home/travis/build/fontdirectory/jura/builds/build/Jura-Book.otf
$ mv /home/travis/build/fontdirectory/jura/builds/build/Jura-Medium.ttf.fix /home/travis/build/fontdirectory/jura/builds/build/Jura-Medium.ttf
$ mv /home/travis/build/fontdirectory/jura/builds/build/Jura-DemiBold.ttf.fix /home/travis/build/fontdirectory/jura/builds/build/Jura-DemiBold.ttf
$ mv /home/travis/build/fontdirectory/jura/builds/build/Jura-Regular.ttf.fix /home/travis/build/fontdirectory/jura/builds/build/Jura-Regular.ttf
$ mv /home/travis/build/fontdirectory/jura/builds/build/Jura-Light.otf.fix /home/travis/build/fontdirectory/jura/builds/build/Jura-Light.otf
$ fontbakery-fix-vertical-metrics.py /home/travis/build/fontdirectory/jura/builds/build/Jura-Book.otf /home/travis/build/fontdirectory/jura/builds/build/Jura-Medium.ttf /home/travis/build/fontdirectory/jura/builds/build/Jura-DemiBold.ttf /home/travis/build/fontdirectory/jura/builds/build/Jura-Regular.ttf /home/travis/build/fontdirectory/jura/builds/build/Jura-Light.otf
Parameter              Jura-Book.otf    Jura-Medium.ttf    Jura-DemiBold.ttf    Jura-Regular.ttf    Jura-Light.otf    
ymax                   838              827                842                  838                 833               
hhea.ascent            842              842                842                  842                 842               
OS/2.sTypoAscender     842              842                842                  842                 842               
OS/2.usWinAscent       842              842                842                  842                 842               
ymin                   -205             -210               -209                 -205                -205              
hhea.descent           -210             -210               -210                 -210                -210              
OS/2.sTypoDescender    -210             -210               -210                 -210                -210              
OS/2.usWinDescent      210              210                210                  210                 210               
hhea.lineGap           0                0                  0                    0                   0                 
OS/2.sTypoLineGap      0                0                  0                    0                   0                 
hhea total             1052             1052               1052                 1052                1052              
typo total             1052             1052               1052                 1052                1052              
win total              1052             1052               1052                 1052                1052              
UPM:Heights            1024:1043        1024:1037          1024:1051            1024:1043           1024:1038         
UPM:Heights %          101 %            101 %              102 %                101 %               101 %             


bakery_lint.tests.downstream.test_check_vertical_metrics.CheckVerticalLinegapMetrics.test_metrics_linegaps_are_zero(): OK
bakery_lint.tests.downstream.test_check_vertical_metrics.CheckVerticalAscentMetrics.test_metrics_ascents_equal_bbox(): OK
bakery_lint.tests.downstream.test_check_vertical_metrics.CheckVerticalDescentMetrics.test_metrics_descents_equal_bbox(): OK
bakery_lint.tests.downstream.test_gpos_table_has_kerning_info.CheckGposTableHasKerningInfo.test_gpos_table_has_kerning_info(): FAIL
bakery_lint.tests.downstream.test_check_name_table_recommendation.CheckStyleNameRecommendation.test_check_stylename_is_under_recommendations(): FAIL
$ fontbakery-fix-opentype-names.py /home/travis/build/fontdirectory/jura/builds/build/Jura-Medium.ttf
$ mv /home/travis/build/fontdirectory/jura/builds/build/Jura-Medium.ttf.fix /home/travis/build/fontdirectory/jura/builds/build/Jura-Medium.ttf
bakery_lint.tests.downstream.test_check_name_table_recommendation.CheckStyleNameRecommendation.test_check_stylename_is_under_recommendations(): FAIL
bakery_lint.tests.downstream.test_check_name_table_recommendation.CheckOTFamilyNameRecommendation.test_check_opentype_familyname(): OK
bakery_lint.tests.downstream.test_check_name_table_recommendation.CheckOTStyleNameRecommendation.test_check_opentype_stylename(): FAIL
$ fontbakery-fix-opentype-names.py /home/travis/build/fontdirectory/jura/builds/build/Jura-Medium.ttf
$ mv /home/travis/build/fontdirectory/jura/builds/build/Jura-Medium.ttf.fix /home/travis/build/fontdirectory/jura/builds/build/Jura-Medium.ttf
bakery_lint.tests.downstream.test_check_name_table_recommendation.CheckOTStyleNameRecommendation.test_check_opentype_stylename(): FAIL
bakery_lint.tests.downstream.test_check_name_table_recommendation.CheckOTFullNameRecommendation.test_check_opentype_fullname(): OK
bakery_lint.tests.downstream.test_check_fontname_matches_macstyle.CheckFontNameEqualToMacStyleFlags.test_fontname_is_equal_to_macstyle(): FAIL
bakery_lint.tests.downstream.test_gasp_table_value.CheckGaspTableType.test_check_gasp_table_type(): OK
$ fontbakery-fix-gasp.py --set=15 /home/travis/build/fontdirectory/jura/builds/build/Jura-Medium.ttf
$ mv /home/travis/build/fontdirectory/jura/builds/build/Jura-Medium.ttf.fix /home/travis/build/fontdirectory/jura/builds/build/Jura-Medium.ttf
bakery_lint.tests.downstream.test_names_are_ascii_only.CheckNamesAreASCIIOnly.test_check_names_are_ascii_only(): OK
bakery_lint.tests.downstream.test_check_upm_heights_less_120.TestCheckUPMHeightsLess120.test_check_upm_heigths_less_120(): OK
bakery_lint.tests.downstream.test_check_font_tables.CheckFontHasDsigTable.test_check_font_has_dsig_table(): FAIL
$ fontbakery-fix-dsig.py /home/travis/build/fontdirectory/jura/builds/build/Jura-Medium.ttf
$ mv /home/travis/build/fontdirectory/jura/builds/build/Jura-Medium.ttf.fix /home/travis/build/fontdirectory/jura/builds/build/Jura-Medium.ttf
bakery_lint.tests.downstream.test_check_font_tables.CheckFontHasDsigTable.test_check_font_has_dsig_table(): OK
bakery_lint.tests.downstream.test_check_font_tables.CheckFontHasNotKernTable.test_no_kern_table_exists(): OK
bakery_lint.tests.downstream.test_check_unused_glyph_data.CheckUnusedGlyphData.test_check_unused_glyph_data(): ERROR
bakery_lint.tests.downstream.test_check_panose_identification.CheckPanoseIdentification.test_check_panose_identification(): OK
bakery_lint.tests.downstream.test_check_no_problematic_formats.CheckNoProblematicFormats.test_check_no_problematic_formats(): OK
bakery_lint.tests.downstream.test_check_italic_angle_agreement.CheckItalicAngleAgreement.test_check_italic_angle_agreement(): OK
bakery_lint.tests.downstream.test_check_glyf_table_length.CheckGlyfTableLength.test_check_glyf_table_length(): FAIL
bakery_lint.tests.downstream.test_check_unencoded_glyph.TestFontUnencodedGlyph.test_font_unencoded_glyphs(): FAIL
$ fontbakery-fix-glyph-private-encoding.py --autofix /home/travis/build/fontdirectory/jura/builds/build/Jura-Medium.ttf
$ mv /home/travis/build/fontdirectory/jura/builds/build/Jura-Medium.ttf.fix /home/travis/build/fontdirectory/jura/builds/build/Jura-Medium.ttf
bakery_lint.tests.downstream.test_check_unencoded_glyph.TestFontUnencodedGlyph.test_font_unencoded_glyphs(): FAIL
bakery_lint.tests.downstream.test_check_glyph_existence.CheckGlyphExistence.test_euro(): OK
bakery_lint.tests.downstream.test_check_glyph_existence.CheckGlyphExistence.test_nbsp(): OK
bakery_lint.tests.downstream.test_check_glyph_existence.CheckGlyphExistence.test_space(): OK
### Optimize TTF Jura-Medium.ttf
$ ls -l 'Jura-Medium.ttf'* # look at the size savings of that subset process
Jura-Medium.ttf.opt: 338720 bytes
Jura-Medium.ttf: 345716 bytes
$ mv /home/travis/build/fontdirectory/jura/builds/build/Jura-Medium.ttf.opt /home/travis/build/fontdirectory/jura/builds/build/Jura-Medium.ttf
### Autohint TTFs (ttfautohint) Jura-Medium.ttf
$ ttfautohint -l 7 -r 28 -G 50 -x 13 -w "G" /home/travis/build/fontdirectory/jura/builds/build/Jura-Medium.ttf '/home/travis/build/fontdirectory/jura/builds/build/Jura-Medium.autohint.ttf'

$ ls -l /home/travis/build/fontdirectory/jura/builds/build/Jura-Medium.*ttf # look at the size savings of that subset process
/home/travis/build/fontdirectory/jura/builds/build/Jura-Medium.ttf: 338720 bytes
/home/travis/build/fontdirectory/jura/builds/build/Jura-Medium.autohint.ttf: 320672 bytes
$ mv /home/travis/build/fontdirectory/jura/builds/build/Jura-Medium.autohint.ttf /home/travis/build/fontdirectory/jura/builds/build/Jura-Medium.ttf
### Subset TTFs (pyftsubset) Jura-Medium.ttf
$ pyftsubset Jura-Medium.latin
$ pyftsubset Jura-Medium.menu
strippedname:/home/travis/build/fontdirectory/jura/builds/build/Jura-Medium.ttf
No nbsp glyph
spaceWidth is    260
nbspWidth is     0
Jura-Medium.ttf.fix made with spaceWidth and nbspWidth of 260
$ fontbakery-build-font2ttf.py sources/Jura-Book.otf Jura-Book.ttf
Warning: Mac and Windows entries in the 'name' table differ for the
 Fullname string in the language English (US)
 Mac String: Jura Book
Windows String: JuraBook
The glyph named Delta is mapped to U+0394.
But its name indicates it should be mapped to U+2206.
The glyph named Omega is mapped to U+03A9.
But its name indicates it should be mapped to U+2126.
The glyph named mu is mapped to U+03BC.
But its name indicates it should be mapped to U+00B5.
Success: Generated OpenType-TTF (/home/travis/build/fontdirectory/jura/builds/build/Jura-Book.ttf)
strippedname:/home/travis/build/fontdirectory/jura/builds/build/Jura-Book.otf
### Test Jura-Book.ttf
$ fontbakery-check.py result Jura-Book.ttf
bakery_lint.tests.downstream.test_check_os2_width_class.CheckOS2WidthClass.test_check_os2_width_class(): OK
bakery_lint.tests.downstream.test_check_license_included.CheckLicenseIncluded.test_license_included_in_font_names(): OK
The following table(s) in the font have been ignored by FontForge
  Ignoring 'DSIG' digital signature table
The glyph named Delta is mapped to U+0394.
But its name indicates it should be mapped to U+2206.
The glyph named Omega is mapped to U+03A9.
But its name indicates it should be mapped to U+2126.
The glyph named mu is mapped to U+03BC.
But its name indicates it should be mapped to U+00B5.
bakery_lint.tests.downstream.test_fontforge_validation_state.FontForgeValidateStateTest.test_allowed_numbers_paths_in_composite_glyphs(): OK
bakery_lint.tests.downstream.test_fontforge_validation_state.FontForgeValidateStateTest.test_allowed_numbers_paths_in_glyphs(): OK
bakery_lint.tests.downstream.test_fontforge_validation_state.FontForgeValidateStateTest.test_allowed_numbers_points_in_composite_glyphs(): OK
bakery_lint.tests.downstream.test_fontforge_validation_state.FontForgeValidateStateTest.test_allowed_numbers_points_in_glyphs(): OK
bakery_lint.tests.downstream.test_fontforge_validation_state.FontForgeValidateStateTest.test_duplicate_glyphs(): OK
bakery_lint.tests.downstream.test_fontforge_validation_state.FontForgeValidateStateTest.test_duplicate_unicode_codepoints(): OK
bakery_lint.tests.downstream.test_fontforge_validation_state.FontForgeValidateStateTest.test_flipped_reference_in_glyphs(): OK
bakery_lint.tests.downstream.test_fontforge_validation_state.FontForgeValidateStateTest.test_missing_anchors(): OK
bakery_lint.tests.downstream.test_fontforge_validation_state.FontForgeValidateStateTest.test_missing_extrema_in_glyphs(): OK
bakery_lint.tests.downstream.test_fontforge_validation_state.FontForgeValidateStateTest.test_overlapped_hints(): OK
bakery_lint.tests.downstream.test_fontforge_validation_state.FontForgeValidateStateTest.test_points_are_integer_aligned(): OK
bakery_lint.tests.downstream.test_fontforge_validation_state.FontForgeValidateStateTest.test_points_are_not_too_far_apart(): OK
bakery_lint.tests.downstream.test_fontforge_validation_state.FontForgeValidateStateTest.test_postscript_hasnt_limit_hints_in_glyphs(): OK
bakery_lint.tests.downstream.test_fontforge_validation_state.FontForgeValidateStateTest.test_postscript_hasnt_limit_points_in_glyphs(): OK
bakery_lint.tests.downstream.test_fontforge_validation_state.FontForgeValidateStateTest.test_referenced_glyphs_are_present(): OK
bakery_lint.tests.downstream.test_fontforge_validation_state.FontForgeValidateStateTest.test_valid_glyph_names(): OK
bakery_lint.tests.downstream.test_fontforge_validation_state.FontForgeValidateStateTest.test_valid_length_instructions(): OK
bakery_lint.tests.downstream.test_fontforge_validation_state.FontForgeValidateStateTest.test_validation_glyph_intersect(): OK
bakery_lint.tests.downstream.test_fontforge_validation_state.FontForgeValidateStateTest.test_validation_open_contours(): OK
bakery_lint.tests.downstream.test_fontforge_validation_state.FontForgeValidateStateTest.test_wrong_direction_in_glyphs(): OK
bakery_lint.tests.downstream.test_check_magic_prep_code.CheckMagicPREPByteCode.test_prep_magic_code(): FAIL
bakery_lint.tests.downstream.test_check_nbsp_width_matches_sp_width.CheckNbspWidthMatchesSpWidth.test_check_nbsp_width_matches_sp_width(): FAIL
$ fontbakery-fix-nbsp.py /home/travis/build/fontdirectory/jura/builds/build/Jura-Book.ttf
$ mv /home/travis/build/fontdirectory/jura/builds/build/Jura-Book.ttf.fix /home/travis/build/fontdirectory/jura/builds/build/Jura-Book.ttf
bakery_lint.tests.downstream.test_check_nbsp_width_matches_sp_width.CheckNbspWidthMatchesSpWidth.test_check_nbsp_width_matches_sp_width(): FAIL
bakery_lint.tests.downstream.test_check_font_agreements.CheckFsTypeIsNotSet.test_is_fstype_not_set(): OK
$ fontbakery-fix-fstype.py --autofix /home/travis/build/fontdirectory/jura/builds/build/Jura-Book.ttf
$ mv /home/travis/build/fontdirectory/jura/builds/build/Jura-Book.ttf.fix /home/travis/build/fontdirectory/jura/builds/build/Jura-Book.ttf
bakery_lint.tests.downstream.test_check_font_agreements.CheckFontAgreements.test_em_is_1000(): FAIL
bakery_lint.tests.downstream.test_check_font_agreements.CheckFontAgreements.test_font_is_font(): OK
bakery_lint.tests.downstream.test_check_font_agreements.CheckFontAgreements.test_latin_file_exists(): FAIL
bakery_lint.tests.downstream.test_check_font_agreements.CheckFontAgreements.test_menu_file_exists(): FAIL
bakery_lint.tests.downstream.test_check_names_same_across_platforms.CheckNamesSameAcrossPlatforms.test_check_names_same_across_platforms(): OK
bakery_lint.tests.downstream.test_check_full_font_name_begins_with_family_name.CheckFullFontNameBeginsWithFamilyName.test_check_full_font_name_begins_with_family_name(): OK
bakery_lint.tests.downstream.test_check_hmtx_hhea_max_advance_width_agreement.CheckHmtxHheaMaxAdvanceWidthAgreement.test_check_hmtx_hhea_max_advance_width_agreement(): OK
bakery_lint.tests.downstream.test_check_vertical_metrics.CheckVerticalLinegapMetrics.test_metrics_linegaps_are_zero(): OK
bakery_lint.tests.downstream.test_check_vertical_metrics.CheckVerticalAscentMetrics.test_metrics_ascents_equal_bbox(): OK
bakery_lint.tests.downstream.test_check_vertical_metrics.CheckVerticalDescentMetrics.test_metrics_descents_equal_bbox(): OK
bakery_lint.tests.downstream.test_gpos_table_has_kerning_info.CheckGposTableHasKerningInfo.test_gpos_table_has_kerning_info(): OK
bakery_lint.tests.downstream.test_check_name_table_recommendation.CheckStyleNameRecommendation.test_check_stylename_is_under_recommendations(): FAIL
$ fontbakery-fix-opentype-names.py /home/travis/build/fontdirectory/jura/builds/build/Jura-Book.ttf
$ mv /home/travis/build/fontdirectory/jura/builds/build/Jura-Book.ttf.fix /home/travis/build/fontdirectory/jura/builds/build/Jura-Book.ttf
bakery_lint.tests.downstream.test_check_name_table_recommendation.CheckStyleNameRecommendation.test_check_stylename_is_under_recommendations(): FAIL
bakery_lint.tests.downstream.test_check_name_table_recommendation.CheckOTFamilyNameRecommendation.test_check_opentype_familyname(): OK
bakery_lint.tests.downstream.test_check_name_table_recommendation.CheckOTStyleNameRecommendation.test_check_opentype_stylename(): FAIL
$ fontbakery-fix-opentype-names.py /home/travis/build/fontdirectory/jura/builds/build/Jura-Book.ttf
$ mv /home/travis/build/fontdirectory/jura/builds/build/Jura-Book.ttf.fix /home/travis/build/fontdirectory/jura/builds/build/Jura-Book.ttf
bakery_lint.tests.downstream.test_check_name_table_recommendation.CheckOTStyleNameRecommendation.test_check_opentype_stylename(): FAIL
bakery_lint.tests.downstream.test_check_name_table_recommendation.CheckOTFullNameRecommendation.test_check_opentype_fullname(): OK
bakery_lint.tests.downstream.test_check_fontname_matches_macstyle.CheckFontNameEqualToMacStyleFlags.test_fontname_is_equal_to_macstyle(): FAIL
bakery_lint.tests.downstream.test_gasp_table_value.CheckGaspTableType.test_check_gasp_table_type(): FAIL
$ fontbakery-fix-gasp.py --set=15 /home/travis/build/fontdirectory/jura/builds/build/Jura-Book.ttf
$ mv /home/travis/build/fontdirectory/jura/builds/build/Jura-Book.ttf.fix /home/travis/build/fontdirectory/jura/builds/build/Jura-Book.ttf
bakery_lint.tests.downstream.test_gasp_table_value.CheckGaspTableType.test_check_gasp_table_type(): OK
$ fontbakery-fix-gasp.py --set=15 /home/travis/build/fontdirectory/jura/builds/build/Jura-Book.ttf
$ mv /home/travis/build/fontdirectory/jura/builds/build/Jura-Book.ttf.fix /home/travis/build/fontdirectory/jura/builds/build/Jura-Book.ttf
bakery_lint.tests.downstream.test_names_are_ascii_only.CheckNamesAreASCIIOnly.test_check_names_are_ascii_only(): OK
bakery_lint.tests.downstream.test_check_upm_heights_less_120.TestCheckUPMHeightsLess120.test_check_upm_heigths_less_120(): OK
bakery_lint.tests.downstream.test_check_font_tables.CheckFontHasDsigTable.test_check_font_has_dsig_table(): OK
bakery_lint.tests.downstream.test_check_font_tables.CheckFontHasNotKernTable.test_no_kern_table_exists(): OK
bakery_lint.tests.downstream.test_check_unused_glyph_data.CheckUnusedGlyphData.test_check_unused_glyph_data(): ERROR
bakery_lint.tests.downstream.test_check_panose_identification.CheckPanoseIdentification.test_check_panose_identification(): OK
bakery_lint.tests.downstream.test_check_no_problematic_formats.CheckNoProblematicFormats.test_check_no_problematic_formats(): OK
bakery_lint.tests.downstream.test_check_italic_angle_agreement.CheckItalicAngleAgreement.test_check_italic_angle_agreement(): OK
bakery_lint.tests.downstream.test_check_glyf_table_length.CheckGlyfTableLength.test_check_glyf_table_length(): FAIL
bakery_lint.tests.downstream.test_check_unencoded_glyph.TestFontUnencodedGlyph.test_font_unencoded_glyphs(): FAIL
$ fontbakery-fix-glyph-private-encoding.py --autofix /home/travis/build/fontdirectory/jura/builds/build/Jura-Book.ttf
$ mv /home/travis/build/fontdirectory/jura/builds/build/Jura-Book.ttf.fix /home/travis/build/fontdirectory/jura/builds/build/Jura-Book.ttf
bakery_lint.tests.downstream.test_check_unencoded_glyph.TestFontUnencodedGlyph.test_font_unencoded_glyphs(): FAIL
bakery_lint.tests.downstream.test_check_glyph_existence.CheckGlyphExistence.test_euro(): OK
bakery_lint.tests.downstream.test_check_glyph_existence.CheckGlyphExistence.test_nbsp(): OK
bakery_lint.tests.downstream.test_check_glyph_existence.CheckGlyphExistence.test_space(): OK
### Optimize TTF Jura-Book.ttf
$ ls -l 'Jura-Book.ttf'* # look at the size savings of that subset process
Jura-Book.ttf.opt: 136256 bytes
Jura-Book.ttf: 143928 bytes
$ mv /home/travis/build/fontdirectory/jura/builds/build/Jura-Book.ttf.opt /home/travis/build/fontdirectory/jura/builds/build/Jura-Book.ttf
### Autohint TTFs (ttfautohint) Jura-Book.ttf
$ ttfautohint -l 7 -r 28 -G 50 -x 13 -w "G" /home/travis/build/fontdirectory/jura/builds/build/Jura-Book.ttf '/home/travis/build/fontdirectory/jura/builds/build/Jura-Book.autohint.ttf'

$ ls -l /home/travis/build/fontdirectory/jura/builds/build/Jura-Book.*ttf # look at the size savings of that subset process
/home/travis/build/fontdirectory/jura/builds/build/Jura-Book.ttf: 136256 bytes
/home/travis/build/fontdirectory/jura/builds/build/Jura-Book.autohint.ttf: 185656 bytes
$ mv /home/travis/build/fontdirectory/jura/builds/build/Jura-Book.autohint.ttf /home/travis/build/fontdirectory/jura/builds/build/Jura-Book.ttf
### Subset TTFs (pyftsubset) Jura-Book.ttf
$ pyftsubset Jura-Book.latin
$ pyftsubset Jura-Book.menu
strippedname:/home/travis/build/fontdirectory/jura/builds/build/Jura-Book.ttf
No nbsp glyph
spaceWidth is    260
nbspWidth is     0
Jura-Book.ttf.fix made with spaceWidth and nbspWidth of 260
### Test Jura-DemiBold.ttf
$ fontbakery-check.py result Jura-DemiBold.ttf
bakery_lint.tests.downstream.test_check_os2_width_class.CheckOS2WidthClass.test_check_os2_width_class(): OK
bakery_lint.tests.downstream.test_check_license_included.CheckLicenseIncluded.test_license_included_in_font_names(): OK
The glyph named Delta is mapped to U+0394.
But its name indicates it should be mapped to U+2206.
The glyph named Omega is mapped to U+03A9.
But its name indicates it should be mapped to U+2126.
The glyph named mu is mapped to U+03BC.
But its name indicates it should be mapped to U+00B5.
bakery_lint.tests.downstream.test_fontforge_validation_state.FontForgeValidateStateTest.test_allowed_numbers_paths_in_composite_glyphs(): OK
bakery_lint.tests.downstream.test_fontforge_validation_state.FontForgeValidateStateTest.test_allowed_numbers_paths_in_glyphs(): OK
bakery_lint.tests.downstream.test_fontforge_validation_state.FontForgeValidateStateTest.test_allowed_numbers_points_in_composite_glyphs(): OK
bakery_lint.tests.downstream.test_fontforge_validation_state.FontForgeValidateStateTest.test_allowed_numbers_points_in_glyphs(): OK
bakery_lint.tests.downstream.test_fontforge_validation_state.FontForgeValidateStateTest.test_duplicate_glyphs(): OK
bakery_lint.tests.downstream.test_fontforge_validation_state.FontForgeValidateStateTest.test_duplicate_unicode_codepoints(): OK
bakery_lint.tests.downstream.test_fontforge_validation_state.FontForgeValidateStateTest.test_flipped_reference_in_glyphs(): OK
bakery_lint.tests.downstream.test_fontforge_validation_state.FontForgeValidateStateTest.test_missing_anchors(): OK
bakery_lint.tests.downstream.test_fontforge_validation_state.FontForgeValidateStateTest.test_missing_extrema_in_glyphs(): OK
bakery_lint.tests.downstream.test_fontforge_validation_state.FontForgeValidateStateTest.test_overlapped_hints(): OK
bakery_lint.tests.downstream.test_fontforge_validation_state.FontForgeValidateStateTest.test_points_are_integer_aligned(): OK
bakery_lint.tests.downstream.test_fontforge_validation_state.FontForgeValidateStateTest.test_points_are_not_too_far_apart(): OK
bakery_lint.tests.downstream.test_fontforge_validation_state.FontForgeValidateStateTest.test_postscript_hasnt_limit_hints_in_glyphs(): OK
bakery_lint.tests.downstream.test_fontforge_validation_state.FontForgeValidateStateTest.test_postscript_hasnt_limit_points_in_glyphs(): OK
bakery_lint.tests.downstream.test_fontforge_validation_state.FontForgeValidateStateTest.test_referenced_glyphs_are_present(): OK
bakery_lint.tests.downstream.test_fontforge_validation_state.FontForgeValidateStateTest.test_valid_glyph_names(): OK
bakery_lint.tests.downstream.test_fontforge_validation_state.FontForgeValidateStateTest.test_valid_length_instructions(): OK
bakery_lint.tests.downstream.test_fontforge_validation_state.FontForgeValidateStateTest.test_validation_glyph_intersect(): FAIL
bakery_lint.tests.downstream.test_fontforge_validation_state.FontForgeValidateStateTest.test_validation_open_contours(): OK
bakery_lint.tests.downstream.test_fontforge_validation_state.FontForgeValidateStateTest.test_wrong_direction_in_glyphs(): OK
bakery_lint.tests.downstream.test_check_magic_prep_code.CheckMagicPREPByteCode.test_prep_magic_code(): OK
bakery_lint.tests.downstream.test_check_nbsp_width_matches_sp_width.CheckNbspWidthMatchesSpWidth.test_check_nbsp_width_matches_sp_width(): FAIL
$ fontbakery-fix-nbsp.py /home/travis/build/fontdirectory/jura/builds/build/Jura-DemiBold.ttf
$ mv /home/travis/build/fontdirectory/jura/builds/build/Jura-DemiBold.ttf.fix /home/travis/build/fontdirectory/jura/builds/build/Jura-DemiBold.ttf
bakery_lint.tests.downstream.test_check_nbsp_width_matches_sp_width.CheckNbspWidthMatchesSpWidth.test_check_nbsp_width_matches_sp_width(): FAIL
bakery_lint.tests.downstream.test_check_font_agreements.CheckFsTypeIsNotSet.test_is_fstype_not_set(): OK
$ fontbakery-fix-fstype.py --autofix /home/travis/build/fontdirectory/jura/builds/build/Jura-DemiBold.ttf
$ mv /home/travis/build/fontdirectory/jura/builds/build/Jura-DemiBold.ttf.fix /home/travis/build/fontdirectory/jura/builds/build/Jura-DemiBold.ttf
bakery_lint.tests.downstream.test_check_font_agreements.CheckFontAgreements.test_em_is_1000(): FAIL
bakery_lint.tests.downstream.test_check_font_agreements.CheckFontAgreements.test_font_is_font(): OK
bakery_lint.tests.downstream.test_check_font_agreements.CheckFontAgreements.test_latin_file_exists(): FAIL
bakery_lint.tests.downstream.test_check_font_agreements.CheckFontAgreements.test_menu_file_exists(): FAIL
bakery_lint.tests.downstream.test_check_names_same_across_platforms.CheckNamesSameAcrossPlatforms.test_check_names_same_across_platforms(): OK
bakery_lint.tests.downstream.test_check_full_font_name_begins_with_family_name.CheckFullFontNameBeginsWithFamilyName.test_check_full_font_name_begins_with_family_name(): OK
bakery_lint.tests.downstream.test_check_hmtx_hhea_max_advance_width_agreement.CheckHmtxHheaMaxAdvanceWidthAgreement.test_check_hmtx_hhea_max_advance_width_agreement(): OK
bakery_lint.tests.downstream.test_check_vertical_metrics.CheckVerticalLinegapMetrics.test_metrics_linegaps_are_zero(): OK
bakery_lint.tests.downstream.test_check_vertical_metrics.CheckVerticalAscentMetrics.test_metrics_ascents_equal_bbox(): OK
bakery_lint.tests.downstream.test_check_vertical_metrics.CheckVerticalDescentMetrics.test_metrics_descents_equal_bbox(): OK
bakery_lint.tests.downstream.test_gpos_table_has_kerning_info.CheckGposTableHasKerningInfo.test_gpos_table_has_kerning_info(): FAIL
bakery_lint.tests.downstream.test_check_name_table_recommendation.CheckStyleNameRecommendation.test_check_stylename_is_under_recommendations(): FAIL
$ fontbakery-fix-opentype-names.py /home/travis/build/fontdirectory/jura/builds/build/Jura-DemiBold.ttf
$ mv /home/travis/build/fontdirectory/jura/builds/build/Jura-DemiBold.ttf.fix /home/travis/build/fontdirectory/jura/builds/build/Jura-DemiBold.ttf
bakery_lint.tests.downstream.test_check_name_table_recommendation.CheckStyleNameRecommendation.test_check_stylename_is_under_recommendations(): FAIL
bakery_lint.tests.downstream.test_check_name_table_recommendation.CheckOTFamilyNameRecommendation.test_check_opentype_familyname(): OK
bakery_lint.tests.downstream.test_check_name_table_recommendation.CheckOTStyleNameRecommendation.test_check_opentype_stylename(): FAIL
$ fontbakery-fix-opentype-names.py /home/travis/build/fontdirectory/jura/builds/build/Jura-DemiBold.ttf
$ mv /home/travis/build/fontdirectory/jura/builds/build/Jura-DemiBold.ttf.fix /home/travis/build/fontdirectory/jura/builds/build/Jura-DemiBold.ttf
bakery_lint.tests.downstream.test_check_name_table_recommendation.CheckOTStyleNameRecommendation.test_check_opentype_stylename(): FAIL
bakery_lint.tests.downstream.test_check_name_table_recommendation.CheckOTFullNameRecommendation.test_check_opentype_fullname(): OK
bakery_lint.tests.downstream.test_check_fontname_matches_macstyle.CheckFontNameEqualToMacStyleFlags.test_fontname_is_equal_to_macstyle(): FAIL
bakery_lint.tests.downstream.test_gasp_table_value.CheckGaspTableType.test_check_gasp_table_type(): OK
$ fontbakery-fix-gasp.py --set=15 /home/travis/build/fontdirectory/jura/builds/build/Jura-DemiBold.ttf
$ mv /home/travis/build/fontdirectory/jura/builds/build/Jura-DemiBold.ttf.fix /home/travis/build/fontdirectory/jura/builds/build/Jura-DemiBold.ttf
bakery_lint.tests.downstream.test_names_are_ascii_only.CheckNamesAreASCIIOnly.test_check_names_are_ascii_only(): OK
bakery_lint.tests.downstream.test_check_upm_heights_less_120.TestCheckUPMHeightsLess120.test_check_upm_heigths_less_120(): OK
bakery_lint.tests.downstream.test_check_font_tables.CheckFontHasDsigTable.test_check_font_has_dsig_table(): FAIL
$ fontbakery-fix-dsig.py /home/travis/build/fontdirectory/jura/builds/build/Jura-DemiBold.ttf
$ mv /home/travis/build/fontdirectory/jura/builds/build/Jura-DemiBold.ttf.fix /home/travis/build/fontdirectory/jura/builds/build/Jura-DemiBold.ttf
bakery_lint.tests.downstream.test_check_font_tables.CheckFontHasDsigTable.test_check_font_has_dsig_table(): OK
bakery_lint.tests.downstream.test_check_font_tables.CheckFontHasNotKernTable.test_no_kern_table_exists(): OK
bakery_lint.tests.downstream.test_check_unused_glyph_data.CheckUnusedGlyphData.test_check_unused_glyph_data(): ERROR
bakery_lint.tests.downstream.test_check_panose_identification.CheckPanoseIdentification.test_check_panose_identification(): OK
bakery_lint.tests.downstream.test_check_no_problematic_formats.CheckNoProblematicFormats.test_check_no_problematic_formats(): OK
bakery_lint.tests.downstream.test_check_italic_angle_agreement.CheckItalicAngleAgreement.test_check_italic_angle_agreement(): OK
bakery_lint.tests.downstream.test_check_glyf_table_length.CheckGlyfTableLength.test_check_glyf_table_length(): FAIL
bakery_lint.tests.downstream.test_check_unencoded_glyph.TestFontUnencodedGlyph.test_font_unencoded_glyphs(): FAIL
$ fontbakery-fix-glyph-private-encoding.py --autofix /home/travis/build/fontdirectory/jura/builds/build/Jura-DemiBold.ttf
$ mv /home/travis/build/fontdirectory/jura/builds/build/Jura-DemiBold.ttf.fix /home/travis/build/fontdirectory/jura/builds/build/Jura-DemiBold.ttf
bakery_lint.tests.downstream.test_check_unencoded_glyph.TestFontUnencodedGlyph.test_font_unencoded_glyphs(): FAIL
bakery_lint.tests.downstream.test_check_glyph_existence.CheckGlyphExistence.test_euro(): OK
bakery_lint.tests.downstream.test_check_glyph_existence.CheckGlyphExistence.test_nbsp(): OK
bakery_lint.tests.downstream.test_check_glyph_existence.CheckGlyphExistence.test_space(): OK
### Optimize TTF Jura-DemiBold.ttf
$ ls -l 'Jura-DemiBold.ttf'* # look at the size savings of that subset process
Jura-DemiBold.ttf.opt: 319560 bytes
Jura-DemiBold.ttf: 326576 bytes
$ mv /home/travis/build/fontdirectory/jura/builds/build/Jura-DemiBold.ttf.opt /home/travis/build/fontdirectory/jura/builds/build/Jura-DemiBold.ttf
### Autohint TTFs (ttfautohint) Jura-DemiBold.ttf
$ ttfautohint -l 7 -r 28 -G 50 -x 13 -w "G" /home/travis/build/fontdirectory/jura/builds/build/Jura-DemiBold.ttf '/home/travis/build/fontdirectory/jura/builds/build/Jura-DemiBold.autohint.ttf'

$ ls -l /home/travis/build/fontdirectory/jura/builds/build/Jura-DemiBold.*ttf # look at the size savings of that subset process
/home/travis/build/fontdirectory/jura/builds/build/Jura-DemiBold.ttf: 319560 bytes
/home/travis/build/fontdirectory/jura/builds/build/Jura-DemiBold.autohint.ttf: 308808 bytes
$ mv /home/travis/build/fontdirectory/jura/builds/build/Jura-DemiBold.autohint.ttf /home/travis/build/fontdirectory/jura/builds/build/Jura-DemiBold.ttf
### Subset TTFs (pyftsubset) Jura-DemiBold.ttf
$ pyftsubset Jura-DemiBold.latin
$ pyftsubset Jura-DemiBold.menu
strippedname:/home/travis/build/fontdirectory/jura/builds/build/Jura-DemiBold.ttf
No nbsp glyph
spaceWidth is    260
nbspWidth is     0
Jura-DemiBold.ttf.fix made with spaceWidth and nbspWidth of 260
$ fontbakery-build-font2ttf.py sources/Jura-Light.otf Jura-Light.ttf
Warning: Mac and Windows entries in the 'name' table differ for the
 Fullname string in the language English (US)
 Mac String: Jura Light
Windows String: JuraLight
The glyph named Delta is mapped to U+0394.
But its name indicates it should be mapped to U+2206.
The glyph named Omega is mapped to U+03A9.
But its name indicates it should be mapped to U+2126.
The glyph named mu is mapped to U+03BC.
But its name indicates it should be mapped to U+00B5.
Success: Generated OpenType-TTF (/home/travis/build/fontdirectory/jura/builds/build/Jura-Light.ttf)
strippedname:/home/travis/build/fontdirectory/jura/builds/build/Jura-Light.otf
### Test Jura-Light.ttf
$ fontbakery-check.py result Jura-Light.ttf
bakery_lint.tests.downstream.test_check_os2_width_class.CheckOS2WidthClass.test_check_os2_width_class(): OK
bakery_lint.tests.downstream.test_check_license_included.CheckLicenseIncluded.test_license_included_in_font_names(): OK
The following table(s) in the font have been ignored by FontForge
  Ignoring 'DSIG' digital signature table
The glyph named Delta is mapped to U+0394.
But its name indicates it should be mapped to U+2206.
The glyph named Omega is mapped to U+03A9.
But its name indicates it should be mapped to U+2126.
The glyph named mu is mapped to U+03BC.
But its name indicates it should be mapped to U+00B5.
bakery_lint.tests.downstream.test_fontforge_validation_state.FontForgeValidateStateTest.test_allowed_numbers_paths_in_composite_glyphs(): OK
bakery_lint.tests.downstream.test_fontforge_validation_state.FontForgeValidateStateTest.test_allowed_numbers_paths_in_glyphs(): OK
bakery_lint.tests.downstream.test_fontforge_validation_state.FontForgeValidateStateTest.test_allowed_numbers_points_in_composite_glyphs(): OK
bakery_lint.tests.downstream.test_fontforge_validation_state.FontForgeValidateStateTest.test_allowed_numbers_points_in_glyphs(): OK
bakery_lint.tests.downstream.test_fontforge_validation_state.FontForgeValidateStateTest.test_duplicate_glyphs(): OK
bakery_lint.tests.downstream.test_fontforge_validation_state.FontForgeValidateStateTest.test_duplicate_unicode_codepoints(): OK
bakery_lint.tests.downstream.test_fontforge_validation_state.FontForgeValidateStateTest.test_flipped_reference_in_glyphs(): OK
bakery_lint.tests.downstream.test_fontforge_validation_state.FontForgeValidateStateTest.test_missing_anchors(): OK
bakery_lint.tests.downstream.test_fontforge_validation_state.FontForgeValidateStateTest.test_missing_extrema_in_glyphs(): OK
bakery_lint.tests.downstream.test_fontforge_validation_state.FontForgeValidateStateTest.test_overlapped_hints(): OK
bakery_lint.tests.downstream.test_fontforge_validation_state.FontForgeValidateStateTest.test_points_are_integer_aligned(): OK
bakery_lint.tests.downstream.test_fontforge_validation_state.FontForgeValidateStateTest.test_points_are_not_too_far_apart(): OK
bakery_lint.tests.downstream.test_fontforge_validation_state.FontForgeValidateStateTest.test_postscript_hasnt_limit_hints_in_glyphs(): OK
bakery_lint.tests.downstream.test_fontforge_validation_state.FontForgeValidateStateTest.test_postscript_hasnt_limit_points_in_glyphs(): OK
bakery_lint.tests.downstream.test_fontforge_validation_state.FontForgeValidateStateTest.test_referenced_glyphs_are_present(): OK
bakery_lint.tests.downstream.test_fontforge_validation_state.FontForgeValidateStateTest.test_valid_glyph_names(): OK
bakery_lint.tests.downstream.test_fontforge_validation_state.FontForgeValidateStateTest.test_valid_length_instructions(): OK
bakery_lint.tests.downstream.test_fontforge_validation_state.FontForgeValidateStateTest.test_validation_glyph_intersect(): OK
bakery_lint.tests.downstream.test_fontforge_validation_state.FontForgeValidateStateTest.test_validation_open_contours(): OK
bakery_lint.tests.downstream.test_fontforge_validation_state.FontForgeValidateStateTest.test_wrong_direction_in_glyphs(): OK
bakery_lint.tests.downstream.test_check_magic_prep_code.CheckMagicPREPByteCode.test_prep_magic_code(): FAIL
bakery_lint.tests.downstream.test_check_nbsp_width_matches_sp_width.CheckNbspWidthMatchesSpWidth.test_check_nbsp_width_matches_sp_width(): FAIL
$ fontbakery-fix-nbsp.py /home/travis/build/fontdirectory/jura/builds/build/Jura-Light.ttf
$ mv /home/travis/build/fontdirectory/jura/builds/build/Jura-Light.ttf.fix /home/travis/build/fontdirectory/jura/builds/build/Jura-Light.ttf
bakery_lint.tests.downstream.test_check_nbsp_width_matches_sp_width.CheckNbspWidthMatchesSpWidth.test_check_nbsp_width_matches_sp_width(): FAIL
bakery_lint.tests.downstream.test_check_font_agreements.CheckFsTypeIsNotSet.test_is_fstype_not_set(): OK
$ fontbakery-fix-fstype.py --autofix /home/travis/build/fontdirectory/jura/builds/build/Jura-Light.ttf
$ mv /home/travis/build/fontdirectory/jura/builds/build/Jura-Light.ttf.fix /home/travis/build/fontdirectory/jura/builds/build/Jura-Light.ttf
bakery_lint.tests.downstream.test_check_font_agreements.CheckFontAgreements.test_em_is_1000(): FAIL
bakery_lint.tests.downstream.test_check_font_agreements.CheckFontAgreements.test_font_is_font(): OK
bakery_lint.tests.downstream.test_check_font_agreements.CheckFontAgreements.test_latin_file_exists(): FAIL
bakery_lint.tests.downstream.test_check_font_agreements.CheckFontAgreements.test_menu_file_exists(): FAIL
bakery_lint.tests.downstream.test_check_names_same_across_platforms.CheckNamesSameAcrossPlatforms.test_check_names_same_across_platforms(): OK
bakery_lint.tests.downstream.test_check_full_font_name_begins_with_family_name.CheckFullFontNameBeginsWithFamilyName.test_check_full_font_name_begins_with_family_name(): OK
bakery_lint.tests.downstream.test_check_hmtx_hhea_max_advance_width_agreement.CheckHmtxHheaMaxAdvanceWidthAgreement.test_check_hmtx_hhea_max_advance_width_agreement(): OK
bakery_lint.tests.downstream.test_check_vertical_metrics.CheckVerticalLinegapMetrics.test_metrics_linegaps_are_zero(): OK
bakery_lint.tests.downstream.test_check_vertical_metrics.CheckVerticalAscentMetrics.test_metrics_ascents_equal_bbox(): OK
bakery_lint.tests.downstream.test_check_vertical_metrics.CheckVerticalDescentMetrics.test_metrics_descents_equal_bbox(): OK
bakery_lint.tests.downstream.test_gpos_table_has_kerning_info.CheckGposTableHasKerningInfo.test_gpos_table_has_kerning_info(): OK
bakery_lint.tests.downstream.test_check_name_table_recommendation.CheckStyleNameRecommendation.test_check_stylename_is_under_recommendations(): FAIL
$ fontbakery-fix-opentype-names.py /home/travis/build/fontdirectory/jura/builds/build/Jura-Light.ttf
$ mv /home/travis/build/fontdirectory/jura/builds/build/Jura-Light.ttf.fix /home/travis/build/fontdirectory/jura/builds/build/Jura-Light.ttf
bakery_lint.tests.downstream.test_check_name_table_recommendation.CheckStyleNameRecommendation.test_check_stylename_is_under_recommendations(): FAIL
bakery_lint.tests.downstream.test_check_name_table_recommendation.CheckOTFamilyNameRecommendation.test_check_opentype_familyname(): OK
bakery_lint.tests.downstream.test_check_name_table_recommendation.CheckOTStyleNameRecommendation.test_check_opentype_stylename(): FAIL
$ fontbakery-fix-opentype-names.py /home/travis/build/fontdirectory/jura/builds/build/Jura-Light.ttf
$ mv /home/travis/build/fontdirectory/jura/builds/build/Jura-Light.ttf.fix /home/travis/build/fontdirectory/jura/builds/build/Jura-Light.ttf
bakery_lint.tests.downstream.test_check_name_table_recommendation.CheckOTStyleNameRecommendation.test_check_opentype_stylename(): FAIL
bakery_lint.tests.downstream.test_check_name_table_recommendation.CheckOTFullNameRecommendation.test_check_opentype_fullname(): OK
bakery_lint.tests.downstream.test_check_fontname_matches_macstyle.CheckFontNameEqualToMacStyleFlags.test_fontname_is_equal_to_macstyle(): FAIL
bakery_lint.tests.downstream.test_gasp_table_value.CheckGaspTableType.test_check_gasp_table_type(): FAIL
$ fontbakery-fix-gasp.py --set=15 /home/travis/build/fontdirectory/jura/builds/build/Jura-Light.ttf
$ mv /home/travis/build/fontdirectory/jura/builds/build/Jura-Light.ttf.fix /home/travis/build/fontdirectory/jura/builds/build/Jura-Light.ttf
bakery_lint.tests.downstream.test_gasp_table_value.CheckGaspTableType.test_check_gasp_table_type(): OK
$ fontbakery-fix-gasp.py --set=15 /home/travis/build/fontdirectory/jura/builds/build/Jura-Light.ttf
$ mv /home/travis/build/fontdirectory/jura/builds/build/Jura-Light.ttf.fix /home/travis/build/fontdirectory/jura/builds/build/Jura-Light.ttf
bakery_lint.tests.downstream.test_names_are_ascii_only.CheckNamesAreASCIIOnly.test_check_names_are_ascii_only(): OK
bakery_lint.tests.downstream.test_check_upm_heights_less_120.TestCheckUPMHeightsLess120.test_check_upm_heigths_less_120(): OK
bakery_lint.tests.downstream.test_check_font_tables.CheckFontHasDsigTable.test_check_font_has_dsig_table(): OK
bakery_lint.tests.downstream.test_check_font_tables.CheckFontHasNotKernTable.test_no_kern_table_exists(): OK
bakery_lint.tests.downstream.test_check_unused_glyph_data.CheckUnusedGlyphData.test_check_unused_glyph_data(): ERROR
bakery_lint.tests.downstream.test_check_panose_identification.CheckPanoseIdentification.test_check_panose_identification(): OK
bakery_lint.tests.downstream.test_check_no_problematic_formats.CheckNoProblematicFormats.test_check_no_problematic_formats(): OK
bakery_lint.tests.downstream.test_check_italic_angle_agreement.CheckItalicAngleAgreement.test_check_italic_angle_agreement(): OK
bakery_lint.tests.downstream.test_check_glyf_table_length.CheckGlyfTableLength.test_check_glyf_table_length(): FAIL
bakery_lint.tests.downstream.test_check_unencoded_glyph.TestFontUnencodedGlyph.test_font_unencoded_glyphs(): FAIL
$ fontbakery-fix-glyph-private-encoding.py --autofix /home/travis/build/fontdirectory/jura/builds/build/Jura-Light.ttf
$ mv /home/travis/build/fontdirectory/jura/builds/build/Jura-Light.ttf.fix /home/travis/build/fontdirectory/jura/builds/build/Jura-Light.ttf
bakery_lint.tests.downstream.test_check_unencoded_glyph.TestFontUnencodedGlyph.test_font_unencoded_glyphs(): FAIL
bakery_lint.tests.downstream.test_check_glyph_existence.CheckGlyphExistence.test_euro(): OK
bakery_lint.tests.downstream.test_check_glyph_existence.CheckGlyphExistence.test_nbsp(): OK
bakery_lint.tests.downstream.test_check_glyph_existence.CheckGlyphExistence.test_space(): OK
### Optimize TTF Jura-Light.ttf
$ ls -l 'Jura-Light.ttf'* # look at the size savings of that subset process
Jura-Light.ttf.opt: 134680 bytes
Jura-Light.ttf: 142368 bytes
$ mv /home/travis/build/fontdirectory/jura/builds/build/Jura-Light.ttf.opt /home/travis/build/fontdirectory/jura/builds/build/Jura-Light.ttf
### Autohint TTFs (ttfautohint) Jura-Light.ttf
$ ttfautohint -l 7 -r 28 -G 50 -x 13 -w "G" /home/travis/build/fontdirectory/jura/builds/build/Jura-Light.ttf '/home/travis/build/fontdirectory/jura/builds/build/Jura-Light.autohint.ttf'

$ ls -l /home/travis/build/fontdirectory/jura/builds/build/Jura-Light.*ttf # look at the size savings of that subset process
/home/travis/build/fontdirectory/jura/builds/build/Jura-Light.ttf: 134680 bytes
/home/travis/build/fontdirectory/jura/builds/build/Jura-Light.autohint.ttf: 192244 bytes
$ mv /home/travis/build/fontdirectory/jura/builds/build/Jura-Light.autohint.ttf /home/travis/build/fontdirectory/jura/builds/build/Jura-Light.ttf
### Subset TTFs (pyftsubset) Jura-Light.ttf
$ pyftsubset Jura-Light.latin
$ pyftsubset Jura-Light.menu
strippedname:/home/travis/build/fontdirectory/jura/builds/build/Jura-Light.ttf
No nbsp glyph
spaceWidth is    260
nbspWidth is     0
Jura-Light.ttf.fix made with spaceWidth and nbspWidth of 260
### Test Jura-Regular.ttf
$ fontbakery-check.py result Jura-Regular.ttf
bakery_lint.tests.downstream.test_check_os2_width_class.CheckOS2WidthClass.test_check_os2_width_class(): OK
bakery_lint.tests.downstream.test_check_license_included.CheckLicenseIncluded.test_license_included_in_font_names(): OK
The glyph named Delta is mapped to U+0394.
But its name indicates it should be mapped to U+2206.
The glyph named Omega is mapped to U+03A9.
But its name indicates it should be mapped to U+2126.
The glyph named mu is mapped to U+03BC.
But its name indicates it should be mapped to U+00B5.
bakery_lint.tests.downstream.test_fontforge_validation_state.FontForgeValidateStateTest.test_allowed_numbers_paths_in_composite_glyphs(): OK
bakery_lint.tests.downstream.test_fontforge_validation_state.FontForgeValidateStateTest.test_allowed_numbers_paths_in_glyphs(): OK
bakery_lint.tests.downstream.test_fontforge_validation_state.FontForgeValidateStateTest.test_allowed_numbers_points_in_composite_glyphs(): OK
bakery_lint.tests.downstream.test_fontforge_validation_state.FontForgeValidateStateTest.test_allowed_numbers_points_in_glyphs(): OK
bakery_lint.tests.downstream.test_fontforge_validation_state.FontForgeValidateStateTest.test_duplicate_glyphs(): OK
bakery_lint.tests.downstream.test_fontforge_validation_state.FontForgeValidateStateTest.test_duplicate_unicode_codepoints(): OK
bakery_lint.tests.downstream.test_fontforge_validation_state.FontForgeValidateStateTest.test_flipped_reference_in_glyphs(): OK
bakery_lint.tests.downstream.test_fontforge_validation_state.FontForgeValidateStateTest.test_missing_anchors(): OK
bakery_lint.tests.downstream.test_fontforge_validation_state.FontForgeValidateStateTest.test_missing_extrema_in_glyphs(): OK
bakery_lint.tests.downstream.test_fontforge_validation_state.FontForgeValidateStateTest.test_overlapped_hints(): OK
bakery_lint.tests.downstream.test_fontforge_validation_state.FontForgeValidateStateTest.test_points_are_integer_aligned(): OK
bakery_lint.tests.downstream.test_fontforge_validation_state.FontForgeValidateStateTest.test_points_are_not_too_far_apart(): OK
bakery_lint.tests.downstream.test_fontforge_validation_state.FontForgeValidateStateTest.test_postscript_hasnt_limit_hints_in_glyphs(): OK
bakery_lint.tests.downstream.test_fontforge_validation_state.FontForgeValidateStateTest.test_postscript_hasnt_limit_points_in_glyphs(): OK
bakery_lint.tests.downstream.test_fontforge_validation_state.FontForgeValidateStateTest.test_referenced_glyphs_are_present(): OK
bakery_lint.tests.downstream.test_fontforge_validation_state.FontForgeValidateStateTest.test_valid_glyph_names(): OK
bakery_lint.tests.downstream.test_fontforge_validation_state.FontForgeValidateStateTest.test_valid_length_instructions(): OK
bakery_lint.tests.downstream.test_fontforge_validation_state.FontForgeValidateStateTest.test_validation_glyph_intersect(): FAIL
bakery_lint.tests.downstream.test_fontforge_validation_state.FontForgeValidateStateTest.test_validation_open_contours(): OK
bakery_lint.tests.downstream.test_fontforge_validation_state.FontForgeValidateStateTest.test_wrong_direction_in_glyphs(): OK
bakery_lint.tests.downstream.test_check_magic_prep_code.CheckMagicPREPByteCode.test_prep_magic_code(): OK
bakery_lint.tests.downstream.test_check_nbsp_width_matches_sp_width.CheckNbspWidthMatchesSpWidth.test_check_nbsp_width_matches_sp_width(): FAIL
$ fontbakery-fix-nbsp.py /home/travis/build/fontdirectory/jura/builds/build/Jura-Regular.ttf
$ mv /home/travis/build/fontdirectory/jura/builds/build/Jura-Regular.ttf.fix /home/travis/build/fontdirectory/jura/builds/build/Jura-Regular.ttf
bakery_lint.tests.downstream.test_check_nbsp_width_matches_sp_width.CheckNbspWidthMatchesSpWidth.test_check_nbsp_width_matches_sp_width(): FAIL
bakery_lint.tests.downstream.test_check_font_agreements.CheckFsTypeIsNotSet.test_is_fstype_not_set(): OK
$ fontbakery-fix-fstype.py --autofix /home/travis/build/fontdirectory/jura/builds/build/Jura-Regular.ttf
$ mv /home/travis/build/fontdirectory/jura/builds/build/Jura-Regular.ttf.fix /home/travis/build/fontdirectory/jura/builds/build/Jura-Regular.ttf
bakery_lint.tests.downstream.test_check_font_agreements.CheckFontAgreements.test_em_is_1000(): FAIL
bakery_lint.tests.downstream.test_check_font_agreements.CheckFontAgreements.test_font_is_font(): OK
bakery_lint.tests.downstream.test_check_font_agreements.CheckFontAgreements.test_latin_file_exists(): FAIL
bakery_lint.tests.downstream.test_check_font_agreements.CheckFontAgreements.test_menu_file_exists(): FAIL
bakery_lint.tests.downstream.test_check_names_same_across_platforms.CheckNamesSameAcrossPlatforms.test_check_names_same_across_platforms(): OK
bakery_lint.tests.downstream.test_check_full_font_name_begins_with_family_name.CheckFullFontNameBeginsWithFamilyName.test_check_full_font_name_begins_with_family_name(): OK
bakery_lint.tests.downstream.test_check_hmtx_hhea_max_advance_width_agreement.CheckHmtxHheaMaxAdvanceWidthAgreement.test_check_hmtx_hhea_max_advance_width_agreement(): OK
bakery_lint.tests.downstream.test_check_vertical_metrics.CheckVerticalLinegapMetrics.test_metrics_linegaps_are_zero(): OK
bakery_lint.tests.downstream.test_check_vertical_metrics.CheckVerticalAscentMetrics.test_metrics_ascents_equal_bbox(): OK
bakery_lint.tests.downstream.test_check_vertical_metrics.CheckVerticalDescentMetrics.test_metrics_descents_equal_bbox(): OK
bakery_lint.tests.downstream.test_gpos_table_has_kerning_info.CheckGposTableHasKerningInfo.test_gpos_table_has_kerning_info(): FAIL
bakery_lint.tests.downstream.test_check_name_table_recommendation.CheckStyleNameRecommendation.test_check_stylename_is_under_recommendations(): OK
bakery_lint.tests.downstream.test_check_name_table_recommendation.CheckOTFamilyNameRecommendation.test_check_opentype_familyname(): OK
bakery_lint.tests.downstream.test_check_name_table_recommendation.CheckOTStyleNameRecommendation.test_check_opentype_stylename(): FAIL
$ fontbakery-fix-opentype-names.py /home/travis/build/fontdirectory/jura/builds/build/Jura-Regular.ttf
$ mv /home/travis/build/fontdirectory/jura/builds/build/Jura-Regular.ttf.fix /home/travis/build/fontdirectory/jura/builds/build/Jura-Regular.ttf
bakery_lint.tests.downstream.test_check_name_table_recommendation.CheckOTStyleNameRecommendation.test_check_opentype_stylename(): OK
bakery_lint.tests.downstream.test_check_name_table_recommendation.CheckOTFullNameRecommendation.test_check_opentype_fullname(): OK
bakery_lint.tests.downstream.test_check_fontname_matches_macstyle.CheckFontNameEqualToMacStyleFlags.test_fontname_is_equal_to_macstyle(): FAIL
bakery_lint.tests.downstream.test_gasp_table_value.CheckGaspTableType.test_check_gasp_table_type(): OK
$ fontbakery-fix-gasp.py --set=15 /home/travis/build/fontdirectory/jura/builds/build/Jura-Regular.ttf
$ mv /home/travis/build/fontdirectory/jura/builds/build/Jura-Regular.ttf.fix /home/travis/build/fontdirectory/jura/builds/build/Jura-Regular.ttf
bakery_lint.tests.downstream.test_names_are_ascii_only.CheckNamesAreASCIIOnly.test_check_names_are_ascii_only(): OK
bakery_lint.tests.downstream.test_check_upm_heights_less_120.TestCheckUPMHeightsLess120.test_check_upm_heigths_less_120(): OK
bakery_lint.tests.downstream.test_check_font_tables.CheckFontHasDsigTable.test_check_font_has_dsig_table(): FAIL
$ fontbakery-fix-dsig.py /home/travis/build/fontdirectory/jura/builds/build/Jura-Regular.ttf
$ mv /home/travis/build/fontdirectory/jura/builds/build/Jura-Regular.ttf.fix /home/travis/build/fontdirectory/jura/builds/build/Jura-Regular.ttf
bakery_lint.tests.downstream.test_check_font_tables.CheckFontHasDsigTable.test_check_font_has_dsig_table(): OK
bakery_lint.tests.downstream.test_check_font_tables.CheckFontHasNotKernTable.test_no_kern_table_exists(): OK
bakery_lint.tests.downstream.test_check_unused_glyph_data.CheckUnusedGlyphData.test_check_unused_glyph_data(): ERROR
bakery_lint.tests.downstream.test_check_panose_identification.CheckPanoseIdentification.test_check_panose_identification(): OK
bakery_lint.tests.downstream.test_check_no_problematic_formats.CheckNoProblematicFormats.test_check_no_problematic_formats(): OK
bakery_lint.tests.downstream.test_check_italic_angle_agreement.CheckItalicAngleAgreement.test_check_italic_angle_agreement(): OK
bakery_lint.tests.downstream.test_check_glyf_table_length.CheckGlyfTableLength.test_check_glyf_table_length(): FAIL
bakery_lint.tests.downstream.test_check_unencoded_glyph.TestFontUnencodedGlyph.test_font_unencoded_glyphs(): FAIL
$ fontbakery-fix-glyph-private-encoding.py --autofix /home/travis/build/fontdirectory/jura/builds/build/Jura-Regular.ttf
$ mv /home/travis/build/fontdirectory/jura/builds/build/Jura-Regular.ttf.fix /home/travis/build/fontdirectory/jura/builds/build/Jura-Regular.ttf
bakery_lint.tests.downstream.test_check_unencoded_glyph.TestFontUnencodedGlyph.test_font_unencoded_glyphs(): FAIL
bakery_lint.tests.downstream.test_check_glyph_existence.CheckGlyphExistence.test_euro(): OK
bakery_lint.tests.downstream.test_check_glyph_existence.CheckGlyphExistence.test_nbsp(): OK
bakery_lint.tests.downstream.test_check_glyph_existence.CheckGlyphExistence.test_space(): OK
### Optimize TTF Jura-Regular.ttf
$ ls -l 'Jura-Regular.ttf'* # look at the size savings of that subset process
Jura-Regular.ttf.opt: 331876 bytes
Jura-Regular.ttf: 338908 bytes
$ mv /home/travis/build/fontdirectory/jura/builds/build/Jura-Regular.ttf.opt /home/travis/build/fontdirectory/jura/builds/build/Jura-Regular.ttf
### Autohint TTFs (ttfautohint) Jura-Regular.ttf
$ ttfautohint -l 7 -r 28 -G 50 -x 13 -w "G" /home/travis/build/fontdirectory/jura/builds/build/Jura-Regular.ttf '/home/travis/build/fontdirectory/jura/builds/build/Jura-Regular.autohint.ttf'

$ ls -l /home/travis/build/fontdirectory/jura/builds/build/Jura-Regular.*ttf # look at the size savings of that subset process
/home/travis/build/fontdirectory/jura/builds/build/Jura-Regular.ttf: 331876 bytes
/home/travis/build/fontdirectory/jura/builds/build/Jura-Regular.autohint.ttf: 312332 bytes
$ mv /home/travis/build/fontdirectory/jura/builds/build/Jura-Regular.autohint.ttf /home/travis/build/fontdirectory/jura/builds/build/Jura-Regular.ttf
### Subset TTFs (pyftsubset) Jura-Regular.ttf
$ pyftsubset Jura-Regular.latin
$ pyftsubset Jura-Regular.menu
strippedname:/home/travis/build/fontdirectory/jura/builds/build/Jura-Regular.ttf
No nbsp glyph
spaceWidth is    260
nbspWidth is     0
Jura-Regular.ttf.fix made with spaceWidth and nbspWidth of 260
$ fontbakery-build-font2ttf.py sources/Jura-DemiBold-TTF.sfd Jura-DemiBold-TTF.ttf
Success: Generated OpenType-TTF (/home/travis/build/fontdirectory/jura/builds/build/Jura-DemiBold-TTF.ttf)
### Test Jura-DemiBold-TTF.ttf
$ fontbakery-check.py result Jura-DemiBold-TTF.ttf
bakery_lint.tests.downstream.test_check_os2_width_class.CheckOS2WidthClass.test_check_os2_width_class(): OK
bakery_lint.tests.downstream.test_check_license_included.CheckLicenseIncluded.test_license_included_in_font_names(): OK
The following table(s) in the font have been ignored by FontForge
  Ignoring 'DSIG' digital signature table
The glyph named Delta is mapped to U+0394.
But its name indicates it should be mapped to U+2206.
The glyph named Omega is mapped to U+03A9.
But its name indicates it should be mapped to U+2126.
The glyph named mu is mapped to U+03BC.
But its name indicates it should be mapped to U+00B5.
bakery_lint.tests.downstream.test_fontforge_validation_state.FontForgeValidateStateTest.test_allowed_numbers_paths_in_composite_glyphs(): OK
bakery_lint.tests.downstream.test_fontforge_validation_state.FontForgeValidateStateTest.test_allowed_numbers_paths_in_glyphs(): OK
bakery_lint.tests.downstream.test_fontforge_validation_state.FontForgeValidateStateTest.test_allowed_numbers_points_in_composite_glyphs(): OK
bakery_lint.tests.downstream.test_fontforge_validation_state.FontForgeValidateStateTest.test_allowed_numbers_points_in_glyphs(): OK
bakery_lint.tests.downstream.test_fontforge_validation_state.FontForgeValidateStateTest.test_duplicate_glyphs(): OK
bakery_lint.tests.downstream.test_fontforge_validation_state.FontForgeValidateStateTest.test_duplicate_unicode_codepoints(): OK
bakery_lint.tests.downstream.test_fontforge_validation_state.FontForgeValidateStateTest.test_flipped_reference_in_glyphs(): OK
bakery_lint.tests.downstream.test_fontforge_validation_state.FontForgeValidateStateTest.test_missing_anchors(): OK
bakery_lint.tests.downstream.test_fontforge_validation_state.FontForgeValidateStateTest.test_missing_extrema_in_glyphs(): OK
bakery_lint.tests.downstream.test_fontforge_validation_state.FontForgeValidateStateTest.test_overlapped_hints(): OK
bakery_lint.tests.downstream.test_fontforge_validation_state.FontForgeValidateStateTest.test_points_are_integer_aligned(): OK
bakery_lint.tests.downstream.test_fontforge_validation_state.FontForgeValidateStateTest.test_points_are_not_too_far_apart(): OK
bakery_lint.tests.downstream.test_fontforge_validation_state.FontForgeValidateStateTest.test_postscript_hasnt_limit_hints_in_glyphs(): OK
bakery_lint.tests.downstream.test_fontforge_validation_state.FontForgeValidateStateTest.test_postscript_hasnt_limit_points_in_glyphs(): OK
bakery_lint.tests.downstream.test_fontforge_validation_state.FontForgeValidateStateTest.test_referenced_glyphs_are_present(): OK
bakery_lint.tests.downstream.test_fontforge_validation_state.FontForgeValidateStateTest.test_valid_glyph_names(): OK
bakery_lint.tests.downstream.test_fontforge_validation_state.FontForgeValidateStateTest.test_valid_length_instructions(): OK
bakery_lint.tests.downstream.test_fontforge_validation_state.FontForgeValidateStateTest.test_validation_glyph_intersect(): OK
bakery_lint.tests.downstream.test_fontforge_validation_state.FontForgeValidateStateTest.test_validation_open_contours(): OK
bakery_lint.tests.downstream.test_fontforge_validation_state.FontForgeValidateStateTest.test_wrong_direction_in_glyphs(): OK
bakery_lint.tests.downstream.test_check_magic_prep_code.CheckMagicPREPByteCode.test_prep_magic_code(): OK
bakery_lint.tests.downstream.test_check_nbsp_width_matches_sp_width.CheckNbspWidthMatchesSpWidth.test_check_nbsp_width_matches_sp_width(): FAIL
$ fontbakery-fix-nbsp.py /home/travis/build/fontdirectory/jura/builds/build/Jura-DemiBold-TTF.ttf
$ mv /home/travis/build/fontdirectory/jura/builds/build/Jura-DemiBold-TTF.ttf.fix /home/travis/build/fontdirectory/jura/builds/build/Jura-DemiBold-TTF.ttf
bakery_lint.tests.downstream.test_check_nbsp_width_matches_sp_width.CheckNbspWidthMatchesSpWidth.test_check_nbsp_width_matches_sp_width(): FAIL
bakery_lint.tests.downstream.test_check_font_agreements.CheckFsTypeIsNotSet.test_is_fstype_not_set(): OK
$ fontbakery-fix-fstype.py --autofix /home/travis/build/fontdirectory/jura/builds/build/Jura-DemiBold-TTF.ttf
$ mv /home/travis/build/fontdirectory/jura/builds/build/Jura-DemiBold-TTF.ttf.fix /home/travis/build/fontdirectory/jura/builds/build/Jura-DemiBold-TTF.ttf
bakery_lint.tests.downstream.test_check_font_agreements.CheckFontAgreements.test_em_is_1000(): FAIL
bakery_lint.tests.downstream.test_check_font_agreements.CheckFontAgreements.test_font_is_font(): OK
bakery_lint.tests.downstream.test_check_font_agreements.CheckFontAgreements.test_latin_file_exists(): FAIL
bakery_lint.tests.downstream.test_check_font_agreements.CheckFontAgreements.test_menu_file_exists(): FAIL
bakery_lint.tests.downstream.test_check_names_same_across_platforms.CheckNamesSameAcrossPlatforms.test_check_names_same_across_platforms(): OK
bakery_lint.tests.downstream.test_check_full_font_name_begins_with_family_name.CheckFullFontNameBeginsWithFamilyName.test_check_full_font_name_begins_with_family_name(): OK
bakery_lint.tests.downstream.test_check_hmtx_hhea_max_advance_width_agreement.CheckHmtxHheaMaxAdvanceWidthAgreement.test_check_hmtx_hhea_max_advance_width_agreement(): OK
bakery_lint.tests.downstream.test_check_vertical_metrics.CheckVerticalLinegapMetrics.test_metrics_linegaps_are_zero(): OK
bakery_lint.tests.downstream.test_check_vertical_metrics.CheckVerticalAscentMetrics.test_metrics_ascents_equal_bbox(): OK
bakery_lint.tests.downstream.test_check_vertical_metrics.CheckVerticalDescentMetrics.test_metrics_descents_equal_bbox(): FAIL
$ fontbakery-fix-vertical-metrics.py --autofix /home/travis/build/fontdirectory/jura/builds/build/Jura-Medium.ttf /home/travis/build/fontdirectory/jura/builds/build/Jura-DemiBold.ttf /home/travis/build/fontdirectory/jura/builds/build/Jura-Book.ttf /home/travis/build/fontdirectory/jura/builds/build/Jura-Light.ttf /home/travis/build/fontdirectory/jura/builds/build/Jura-Regular.ttf /home/travis/build/fontdirectory/jura/builds/build/Jura-DemiBold-TTF.ttf
$ mv /home/travis/build/fontdirectory/jura/builds/build/Jura-Medium.ttf.fix /home/travis/build/fontdirectory/jura/builds/build/Jura-Medium.ttf
$ mv /home/travis/build/fontdirectory/jura/builds/build/Jura-DemiBold.ttf.fix /home/travis/build/fontdirectory/jura/builds/build/Jura-DemiBold.ttf
$ mv /home/travis/build/fontdirectory/jura/builds/build/Jura-Book.ttf.fix /home/travis/build/fontdirectory/jura/builds/build/Jura-Book.ttf
$ mv /home/travis/build/fontdirectory/jura/builds/build/Jura-Light.ttf.fix /home/travis/build/fontdirectory/jura/builds/build/Jura-Light.ttf
$ mv /home/travis/build/fontdirectory/jura/builds/build/Jura-Regular.ttf.fix /home/travis/build/fontdirectory/jura/builds/build/Jura-Regular.ttf
$ mv /home/travis/build/fontdirectory/jura/builds/build/Jura-DemiBold-TTF.ttf.fix /home/travis/build/fontdirectory/jura/builds/build/Jura-DemiBold-TTF.ttf
$ fontbakery-fix-vertical-metrics.py /home/travis/build/fontdirectory/jura/builds/build/Jura-Medium.ttf /home/travis/build/fontdirectory/jura/builds/build/Jura-DemiBold.ttf /home/travis/build/fontdirectory/jura/builds/build/Jura-Book.ttf /home/travis/build/fontdirectory/jura/builds/build/Jura-Light.ttf /home/travis/build/fontdirectory/jura/builds/build/Jura-Regular.ttf /home/travis/build/fontdirectory/jura/builds/build/Jura-DemiBold-TTF.ttf
Parameter              Jura-Medium.ttf    Jura-DemiBold.ttf    Jura-Book.ttf    Jura-Light.ttf    Jura-Regular.ttf    Jura-DemiBold-TTF.ttf    
ymax                   827                842                  838              833               838                 842                      
hhea.ascent            842                842                  842              842               842                 842                      
OS/2.sTypoAscender     842                842                  842              842               842                 842                      
OS/2.usWinAscent       842                842                  842              842               842                 842                      
ymin                   -210               -209                 -205             -205              -205                -209                     
hhea.descent           -210               -210                 -210             -210              -210                -210                     
OS/2.sTypoDescender    -210               -210                 -210             -210              -210                -210                     
OS/2.usWinDescent      210                210                  210              210               210                 210                      
hhea.lineGap           0                  0                    0                0                 0                   0                        
OS/2.sTypoLineGap      0                  0                    0                0                 0                   0                        
hhea total             1052               1052                 1052             1052              1052                1052                     
typo total             1052               1052                 1052             1052              1052                1052                     
win total              1052               1052                 1052             1052              1052                1052                     
UPM:Heights            1024:1037          1024:1051            1024:1043        1024:1038         1024:1043           1024:1051                
UPM:Heights %          101 %              102 %                101 %            101 %             101 %               102 %                    


bakery_lint.tests.downstream.test_check_vertical_metrics.CheckVerticalDescentMetrics.test_metrics_descents_equal_bbox(): OK
bakery_lint.tests.downstream.test_gpos_table_has_kerning_info.CheckGposTableHasKerningInfo.test_gpos_table_has_kerning_info(): OK
bakery_lint.tests.downstream.test_check_name_table_recommendation.CheckStyleNameRecommendation.test_check_stylename_is_under_recommendations(): FAIL
$ fontbakery-fix-opentype-names.py /home/travis/build/fontdirectory/jura/builds/build/Jura-DemiBold-TTF.ttf
$ mv /home/travis/build/fontdirectory/jura/builds/build/Jura-DemiBold-TTF.ttf.fix /home/travis/build/fontdirectory/jura/builds/build/Jura-DemiBold-TTF.ttf
bakery_lint.tests.downstream.test_check_name_table_recommendation.CheckStyleNameRecommendation.test_check_stylename_is_under_recommendations(): FAIL
bakery_lint.tests.downstream.test_check_name_table_recommendation.CheckOTFamilyNameRecommendation.test_check_opentype_familyname(): OK
bakery_lint.tests.downstream.test_check_name_table_recommendation.CheckOTStyleNameRecommendation.test_check_opentype_stylename(): FAIL
$ fontbakery-fix-opentype-names.py /home/travis/build/fontdirectory/jura/builds/build/Jura-DemiBold-TTF.ttf
$ mv /home/travis/build/fontdirectory/jura/builds/build/Jura-DemiBold-TTF.ttf.fix /home/travis/build/fontdirectory/jura/builds/build/Jura-DemiBold-TTF.ttf
bakery_lint.tests.downstream.test_check_name_table_recommendation.CheckOTStyleNameRecommendation.test_check_opentype_stylename(): FAIL
bakery_lint.tests.downstream.test_check_name_table_recommendation.CheckOTFullNameRecommendation.test_check_opentype_fullname(): OK
bakery_lint.tests.downstream.test_check_fontname_matches_macstyle.CheckFontNameEqualToMacStyleFlags.test_fontname_is_equal_to_macstyle(): FAIL
bakery_lint.tests.downstream.test_gasp_table_value.CheckGaspTableType.test_check_gasp_table_type(): OK
$ fontbakery-fix-gasp.py --set=15 /home/travis/build/fontdirectory/jura/builds/build/Jura-DemiBold-TTF.ttf
$ mv /home/travis/build/fontdirectory/jura/builds/build/Jura-DemiBold-TTF.ttf.fix /home/travis/build/fontdirectory/jura/builds/build/Jura-DemiBold-TTF.ttf
bakery_lint.tests.downstream.test_names_are_ascii_only.CheckNamesAreASCIIOnly.test_check_names_are_ascii_only(): OK
bakery_lint.tests.downstream.test_check_upm_heights_less_120.TestCheckUPMHeightsLess120.test_check_upm_heigths_less_120(): OK
bakery_lint.tests.downstream.test_check_font_tables.CheckFontHasDsigTable.test_check_font_has_dsig_table(): OK
bakery_lint.tests.downstream.test_check_font_tables.CheckFontHasNotKernTable.test_no_kern_table_exists(): OK
bakery_lint.tests.downstream.test_check_unused_glyph_data.CheckUnusedGlyphData.test_check_unused_glyph_data(): ERROR
bakery_lint.tests.downstream.test_check_panose_identification.CheckPanoseIdentification.test_check_panose_identification(): OK
bakery_lint.tests.downstream.test_check_no_problematic_formats.CheckNoProblematicFormats.test_check_no_problematic_formats(): OK
bakery_lint.tests.downstream.test_check_italic_angle_agreement.CheckItalicAngleAgreement.test_check_italic_angle_agreement(): OK
bakery_lint.tests.downstream.test_check_glyf_table_length.CheckGlyfTableLength.test_check_glyf_table_length(): FAIL
bakery_lint.tests.downstream.test_check_unencoded_glyph.TestFontUnencodedGlyph.test_font_unencoded_glyphs(): FAIL
$ fontbakery-fix-glyph-private-encoding.py --autofix /home/travis/build/fontdirectory/jura/builds/build/Jura-DemiBold-TTF.ttf
$ mv /home/travis/build/fontdirectory/jura/builds/build/Jura-DemiBold-TTF.ttf.fix /home/travis/build/fontdirectory/jura/builds/build/Jura-DemiBold-TTF.ttf
bakery_lint.tests.downstream.test_check_unencoded_glyph.TestFontUnencodedGlyph.test_font_unencoded_glyphs(): FAIL
bakery_lint.tests.downstream.test_check_glyph_existence.CheckGlyphExistence.test_euro(): OK
bakery_lint.tests.downstream.test_check_glyph_existence.CheckGlyphExistence.test_nbsp(): OK
bakery_lint.tests.downstream.test_check_glyph_existence.CheckGlyphExistence.test_space(): OK
### Optimize TTF Jura-DemiBold-TTF.ttf
$ ls -l 'Jura-DemiBold-TTF.ttf'* # look at the size savings of that subset process
Jura-DemiBold-TTF.ttf.opt: 127936 bytes
Jura-DemiBold-TTF.ttf: 135896 bytes
$ mv /home/travis/build/fontdirectory/jura/builds/build/Jura-DemiBold-TTF.ttf.opt /home/travis/build/fontdirectory/jura/builds/build/Jura-DemiBold-TTF.ttf
### Autohint TTFs (ttfautohint) Jura-DemiBold-TTF.ttf
$ ttfautohint -l 7 -r 28 -G 50 -x 13 -w "G" /home/travis/build/fontdirectory/jura/builds/build/Jura-DemiBold-TTF.ttf '/home/travis/build/fontdirectory/jura/builds/build/Jura-DemiBold-TTF.autohint.ttf'

$ ls -l /home/travis/build/fontdirectory/jura/builds/build/Jura-DemiBold-TTF.*ttf # look at the size savings of that subset process
/home/travis/build/fontdirectory/jura/builds/build/Jura-DemiBold-TTF.ttf: 127936 bytes
/home/travis/build/fontdirectory/jura/builds/build/Jura-DemiBold-TTF.autohint.ttf: 170468 bytes
$ mv /home/travis/build/fontdirectory/jura/builds/build/Jura-DemiBold-TTF.autohint.ttf /home/travis/build/fontdirectory/jura/builds/build/Jura-DemiBold-TTF.ttf
### Subset TTFs (pyftsubset) Jura-DemiBold-TTF.ttf
$ pyftsubset Jura-DemiBold-TTF.latin
$ pyftsubset Jura-DemiBold-TTF.menu
strippedname:/home/travis/build/fontdirectory/jura/builds/build/Jura-DemiBold-TTF.ttf
No nbsp glyph
spaceWidth is    260
nbspWidth is     0
Jura-DemiBold-TTF.ttf.fix made with spaceWidth and nbspWidth of 260
$ fontbakery-build-font2ttf.py sources/Jura-Medium-TTF.sfd Jura-Medium-TTF.ttf
Success: Generated OpenType-TTF (/home/travis/build/fontdirectory/jura/builds/build/Jura-Medium-TTF.ttf)
### Test Jura-Medium-TTF.ttf
$ fontbakery-check.py result Jura-Medium-TTF.ttf
bakery_lint.tests.downstream.test_check_os2_width_class.CheckOS2WidthClass.test_check_os2_width_class(): OK
bakery_lint.tests.downstream.test_check_license_included.CheckLicenseIncluded.test_license_included_in_font_names(): OK
The following table(s) in the font have been ignored by FontForge
  Ignoring 'DSIG' digital signature table
The glyph named Delta is mapped to U+0394.
But its name indicates it should be mapped to U+2206.
The glyph named Omega is mapped to U+03A9.
But its name indicates it should be mapped to U+2126.
The glyph named mu is mapped to U+03BC.
But its name indicates it should be mapped to U+00B5.
bakery_lint.tests.downstream.test_fontforge_validation_state.FontForgeValidateStateTest.test_allowed_numbers_paths_in_composite_glyphs(): OK
bakery_lint.tests.downstream.test_fontforge_validation_state.FontForgeValidateStateTest.test_allowed_numbers_paths_in_glyphs(): OK
bakery_lint.tests.downstream.test_fontforge_validation_state.FontForgeValidateStateTest.test_allowed_numbers_points_in_composite_glyphs(): OK
bakery_lint.tests.downstream.test_fontforge_validation_state.FontForgeValidateStateTest.test_allowed_numbers_points_in_glyphs(): OK
bakery_lint.tests.downstream.test_fontforge_validation_state.FontForgeValidateStateTest.test_duplicate_glyphs(): OK
bakery_lint.tests.downstream.test_fontforge_validation_state.FontForgeValidateStateTest.test_duplicate_unicode_codepoints(): OK
bakery_lint.tests.downstream.test_fontforge_validation_state.FontForgeValidateStateTest.test_flipped_reference_in_glyphs(): OK
bakery_lint.tests.downstream.test_fontforge_validation_state.FontForgeValidateStateTest.test_missing_anchors(): OK
bakery_lint.tests.downstream.test_fontforge_validation_state.FontForgeValidateStateTest.test_missing_extrema_in_glyphs(): OK
bakery_lint.tests.downstream.test_fontforge_validation_state.FontForgeValidateStateTest.test_overlapped_hints(): OK
bakery_lint.tests.downstream.test_fontforge_validation_state.FontForgeValidateStateTest.test_points_are_integer_aligned(): OK
bakery_lint.tests.downstream.test_fontforge_validation_state.FontForgeValidateStateTest.test_points_are_not_too_far_apart(): OK
bakery_lint.tests.downstream.test_fontforge_validation_state.FontForgeValidateStateTest.test_postscript_hasnt_limit_hints_in_glyphs(): OK
bakery_lint.tests.downstream.test_fontforge_validation_state.FontForgeValidateStateTest.test_postscript_hasnt_limit_points_in_glyphs(): OK
bakery_lint.tests.downstream.test_fontforge_validation_state.FontForgeValidateStateTest.test_referenced_glyphs_are_present(): OK
bakery_lint.tests.downstream.test_fontforge_validation_state.FontForgeValidateStateTest.test_valid_glyph_names(): OK
bakery_lint.tests.downstream.test_fontforge_validation_state.FontForgeValidateStateTest.test_valid_length_instructions(): OK
bakery_lint.tests.downstream.test_fontforge_validation_state.FontForgeValidateStateTest.test_validation_glyph_intersect(): FAIL
bakery_lint.tests.downstream.test_fontforge_validation_state.FontForgeValidateStateTest.test_validation_open_contours(): OK
bakery_lint.tests.downstream.test_fontforge_validation_state.FontForgeValidateStateTest.test_wrong_direction_in_glyphs(): OK
bakery_lint.tests.downstream.test_check_magic_prep_code.CheckMagicPREPByteCode.test_prep_magic_code(): OK
bakery_lint.tests.downstream.test_check_nbsp_width_matches_sp_width.CheckNbspWidthMatchesSpWidth.test_check_nbsp_width_matches_sp_width(): FAIL
$ fontbakery-fix-nbsp.py /home/travis/build/fontdirectory/jura/builds/build/Jura-Medium-TTF.ttf
$ mv /home/travis/build/fontdirectory/jura/builds/build/Jura-Medium-TTF.ttf.fix /home/travis/build/fontdirectory/jura/builds/build/Jura-Medium-TTF.ttf
bakery_lint.tests.downstream.test_check_nbsp_width_matches_sp_width.CheckNbspWidthMatchesSpWidth.test_check_nbsp_width_matches_sp_width(): FAIL
bakery_lint.tests.downstream.test_check_font_agreements.CheckFsTypeIsNotSet.test_is_fstype_not_set(): OK
$ fontbakery-fix-fstype.py --autofix /home/travis/build/fontdirectory/jura/builds/build/Jura-Medium-TTF.ttf
$ mv /home/travis/build/fontdirectory/jura/builds/build/Jura-Medium-TTF.ttf.fix /home/travis/build/fontdirectory/jura/builds/build/Jura-Medium-TTF.ttf
bakery_lint.tests.downstream.test_check_font_agreements.CheckFontAgreements.test_em_is_1000(): FAIL
bakery_lint.tests.downstream.test_check_font_agreements.CheckFontAgreements.test_font_is_font(): OK
bakery_lint.tests.downstream.test_check_font_agreements.CheckFontAgreements.test_latin_file_exists(): FAIL
bakery_lint.tests.downstream.test_check_font_agreements.CheckFontAgreements.test_menu_file_exists(): FAIL
bakery_lint.tests.downstream.test_check_names_same_across_platforms.CheckNamesSameAcrossPlatforms.test_check_names_same_across_platforms(): OK
bakery_lint.tests.downstream.test_check_full_font_name_begins_with_family_name.CheckFullFontNameBeginsWithFamilyName.test_check_full_font_name_begins_with_family_name(): OK
bakery_lint.tests.downstream.test_check_hmtx_hhea_max_advance_width_agreement.CheckHmtxHheaMaxAdvanceWidthAgreement.test_check_hmtx_hhea_max_advance_width_agreement(): OK
bakery_lint.tests.downstream.test_check_vertical_metrics.CheckVerticalLinegapMetrics.test_metrics_linegaps_are_zero(): OK
bakery_lint.tests.downstream.test_check_vertical_metrics.CheckVerticalAscentMetrics.test_metrics_ascents_equal_bbox(): FAIL
$ fontbakery-fix-vertical-metrics.py --autofix /home/travis/build/fontdirectory/jura/builds/build/Jura-Medium-TTF.ttf /home/travis/build/fontdirectory/jura/builds/build/Jura-Medium.ttf /home/travis/build/fontdirectory/jura/builds/build/Jura-DemiBold.ttf /home/travis/build/fontdirectory/jura/builds/build/Jura-Book.ttf /home/travis/build/fontdirectory/jura/builds/build/Jura-Light.ttf /home/travis/build/fontdirectory/jura/builds/build/Jura-Regular.ttf /home/travis/build/fontdirectory/jura/builds/build/Jura-DemiBold-TTF.ttf
$ mv /home/travis/build/fontdirectory/jura/builds/build/Jura-Medium-TTF.ttf.fix /home/travis/build/fontdirectory/jura/builds/build/Jura-Medium-TTF.ttf
$ mv /home/travis/build/fontdirectory/jura/builds/build/Jura-Medium.ttf.fix /home/travis/build/fontdirectory/jura/builds/build/Jura-Medium.ttf
$ mv /home/travis/build/fontdirectory/jura/builds/build/Jura-DemiBold.ttf.fix /home/travis/build/fontdirectory/jura/builds/build/Jura-DemiBold.ttf
$ mv /home/travis/build/fontdirectory/jura/builds/build/Jura-Book.ttf.fix /home/travis/build/fontdirectory/jura/builds/build/Jura-Book.ttf
$ mv /home/travis/build/fontdirectory/jura/builds/build/Jura-Light.ttf.fix /home/travis/build/fontdirectory/jura/builds/build/Jura-Light.ttf
$ mv /home/travis/build/fontdirectory/jura/builds/build/Jura-Regular.ttf.fix /home/travis/build/fontdirectory/jura/builds/build/Jura-Regular.ttf
$ mv /home/travis/build/fontdirectory/jura/builds/build/Jura-DemiBold-TTF.ttf.fix /home/travis/build/fontdirectory/jura/builds/build/Jura-DemiBold-TTF.ttf
$ fontbakery-fix-vertical-metrics.py /home/travis/build/fontdirectory/jura/builds/build/Jura-Medium-TTF.ttf /home/travis/build/fontdirectory/jura/builds/build/Jura-Medium.ttf /home/travis/build/fontdirectory/jura/builds/build/Jura-DemiBold.ttf /home/travis/build/fontdirectory/jura/builds/build/Jura-Book.ttf /home/travis/build/fontdirectory/jura/builds/build/Jura-Light.ttf /home/travis/build/fontdirectory/jura/builds/build/Jura-Regular.ttf /home/travis/build/fontdirectory/jura/builds/build/Jura-DemiBold-TTF.ttf
Parameter              Jura-Medium-TTF.ttf    Jura-Medium.ttf    Jura-DemiBold.ttf    Jura-Book.ttf    Jura-Light.ttf    Jura-Regular.ttf    Jura-DemiBold-TTF.ttf    
ymax                   1045                   827                842                  838              833               838                 842                      
hhea.ascent            1045                   1045               1045                 1045             1045              1045                1045                     
OS/2.sTypoAscender     1045                   1045               1045                 1045             1045              1045                1045                     
OS/2.usWinAscent       1045                   1045               1045                 1045             1045              1045                1045                     
ymin                   -257                   -210               -209                 -205             -205              -205                -209                     
hhea.descent           -257                   -257               -257                 -257             -257              -257                -257                     
OS/2.sTypoDescender    -257                   -257               -257                 -257             -257              -257                -257                     
OS/2.usWinDescent      257                    257                257                  257              257               257                 257                      
hhea.lineGap           0                      0                  0                    0                0                 0                   0                        
OS/2.sTypoLineGap      0                      0                  0                    0                0                 0                   0                        
hhea total             1302                   1302               1302                 1302             1302              1302                1302                     
typo total             1302                   1302               1302                 1302             1302              1302                1302                     
win total              1302                   1302               1302                 1302             1302              1302                1302                     
UPM:Heights            1024:1302              1024:1037          1024:1051            1024:1043        1024:1038         1024:1043           1024:1051                
UPM:Heights %          127 %                  101 %              102 %                101 %            101 %             101 %               102 %                    


bakery_lint.tests.downstream.test_check_vertical_metrics.CheckVerticalAscentMetrics.test_metrics_ascents_equal_bbox(): OK
bakery_lint.tests.downstream.test_check_vertical_metrics.CheckVerticalDescentMetrics.test_metrics_descents_equal_bbox(): OK
bakery_lint.tests.downstream.test_gpos_table_has_kerning_info.CheckGposTableHasKerningInfo.test_gpos_table_has_kerning_info(): OK
bakery_lint.tests.downstream.test_check_name_table_recommendation.CheckStyleNameRecommendation.test_check_stylename_is_under_recommendations(): FAIL
$ fontbakery-fix-opentype-names.py /home/travis/build/fontdirectory/jura/builds/build/Jura-Medium-TTF.ttf
$ mv /home/travis/build/fontdirectory/jura/builds/build/Jura-Medium-TTF.ttf.fix /home/travis/build/fontdirectory/jura/builds/build/Jura-Medium-TTF.ttf
bakery_lint.tests.downstream.test_check_name_table_recommendation.CheckStyleNameRecommendation.test_check_stylename_is_under_recommendations(): FAIL
bakery_lint.tests.downstream.test_check_name_table_recommendation.CheckOTFamilyNameRecommendation.test_check_opentype_familyname(): OK
bakery_lint.tests.downstream.test_check_name_table_recommendation.CheckOTStyleNameRecommendation.test_check_opentype_stylename(): FAIL
$ fontbakery-fix-opentype-names.py /home/travis/build/fontdirectory/jura/builds/build/Jura-Medium-TTF.ttf
$ mv /home/travis/build/fontdirectory/jura/builds/build/Jura-Medium-TTF.ttf.fix /home/travis/build/fontdirectory/jura/builds/build/Jura-Medium-TTF.ttf
bakery_lint.tests.downstream.test_check_name_table_recommendation.CheckOTStyleNameRecommendation.test_check_opentype_stylename(): FAIL
bakery_lint.tests.downstream.test_check_name_table_recommendation.CheckOTFullNameRecommendation.test_check_opentype_fullname(): OK
bakery_lint.tests.downstream.test_check_fontname_matches_macstyle.CheckFontNameEqualToMacStyleFlags.test_fontname_is_equal_to_macstyle(): FAIL
bakery_lint.tests.downstream.test_gasp_table_value.CheckGaspTableType.test_check_gasp_table_type(): OK
$ fontbakery-fix-gasp.py --set=15 /home/travis/build/fontdirectory/jura/builds/build/Jura-Medium-TTF.ttf
$ mv /home/travis/build/fontdirectory/jura/builds/build/Jura-Medium-TTF.ttf.fix /home/travis/build/fontdirectory/jura/builds/build/Jura-Medium-TTF.ttf
bakery_lint.tests.downstream.test_names_are_ascii_only.CheckNamesAreASCIIOnly.test_check_names_are_ascii_only(): OK
bakery_lint.tests.downstream.test_check_upm_heights_less_120.TestCheckUPMHeightsLess120.test_check_upm_heigths_less_120(): FAIL
bakery_lint.tests.downstream.test_check_font_tables.CheckFontHasDsigTable.test_check_font_has_dsig_table(): OK
bakery_lint.tests.downstream.test_check_font_tables.CheckFontHasNotKernTable.test_no_kern_table_exists(): OK
bakery_lint.tests.downstream.test_check_unused_glyph_data.CheckUnusedGlyphData.test_check_unused_glyph_data(): ERROR
bakery_lint.tests.downstream.test_check_panose_identification.CheckPanoseIdentification.test_check_panose_identification(): OK
bakery_lint.tests.downstream.test_check_no_problematic_formats.CheckNoProblematicFormats.test_check_no_problematic_formats(): OK
bakery_lint.tests.downstream.test_check_italic_angle_agreement.CheckItalicAngleAgreement.test_check_italic_angle_agreement(): OK
bakery_lint.tests.downstream.test_check_glyf_table_length.CheckGlyfTableLength.test_check_glyf_table_length(): FAIL
bakery_lint.tests.downstream.test_check_unencoded_glyph.TestFontUnencodedGlyph.test_font_unencoded_glyphs(): FAIL
$ fontbakery-fix-glyph-private-encoding.py --autofix /home/travis/build/fontdirectory/jura/builds/build/Jura-Medium-TTF.ttf
$ mv /home/travis/build/fontdirectory/jura/builds/build/Jura-Medium-TTF.ttf.fix /home/travis/build/fontdirectory/jura/builds/build/Jura-Medium-TTF.ttf
bakery_lint.tests.downstream.test_check_unencoded_glyph.TestFontUnencodedGlyph.test_font_unencoded_glyphs(): FAIL
bakery_lint.tests.downstream.test_check_glyph_existence.CheckGlyphExistence.test_euro(): OK
bakery_lint.tests.downstream.test_check_glyph_existence.CheckGlyphExistence.test_nbsp(): OK
bakery_lint.tests.downstream.test_check_glyph_existence.CheckGlyphExistence.test_space(): OK
### Optimize TTF Jura-Medium-TTF.ttf
$ ls -l 'Jura-Medium-TTF.ttf'* # look at the size savings of that subset process
Jura-Medium-TTF.ttf.opt: 99536 bytes
Jura-Medium-TTF.ttf: 107688 bytes
$ mv /home/travis/build/fontdirectory/jura/builds/build/Jura-Medium-TTF.ttf.opt /home/travis/build/fontdirectory/jura/builds/build/Jura-Medium-TTF.ttf
### Autohint TTFs (ttfautohint) Jura-Medium-TTF.ttf
$ ttfautohint -l 7 -r 28 -G 50 -x 13 -w "G" /home/travis/build/fontdirectory/jura/builds/build/Jura-Medium-TTF.ttf '/home/travis/build/fontdirectory/jura/builds/build/Jura-Medium-TTF.autohint.ttf'

$ ls -l /home/travis/build/fontdirectory/jura/builds/build/Jura-Medium-TTF.*ttf # look at the size savings of that subset process
/home/travis/build/fontdirectory/jura/builds/build/Jura-Medium-TTF.ttf: 99536 bytes
/home/travis/build/fontdirectory/jura/builds/build/Jura-Medium-TTF.autohint.ttf: 124792 bytes
$ mv /home/travis/build/fontdirectory/jura/builds/build/Jura-Medium-TTF.autohint.ttf /home/travis/build/fontdirectory/jura/builds/build/Jura-Medium-TTF.ttf
### Subset TTFs (pyftsubset) Jura-Medium-TTF.ttf
$ pyftsubset Jura-Medium-TTF.latin
$ pyftsubset Jura-Medium-TTF.menu
strippedname:/home/travis/build/fontdirectory/jura/builds/build/Jura-Medium-TTF.ttf
No nbsp glyph
spaceWidth is    260
nbspWidth is     0
Jura-Medium-TTF.ttf.fix made with spaceWidth and nbspWidth of 260
$ fontbakery-build-font2ttf.py sources/Jura-Regular-TTF.sfd Jura-Regular-TTF.ttf
Success: Generated OpenType-TTF (/home/travis/build/fontdirectory/jura/builds/build/Jura-Regular-TTF.ttf)
### Test Jura-Regular-TTF.ttf
$ fontbakery-check.py result Jura-Regular-TTF.ttf
bakery_lint.tests.downstream.test_check_os2_width_class.CheckOS2WidthClass.test_check_os2_width_class(): OK
bakery_lint.tests.downstream.test_check_license_included.CheckLicenseIncluded.test_license_included_in_font_names(): OK
The following table(s) in the font have been ignored by FontForge
  Ignoring 'DSIG' digital signature table
The glyph named Delta is mapped to U+0394.
But its name indicates it should be mapped to U+2206.
The glyph named Omega is mapped to U+03A9.
But its name indicates it should be mapped to U+2126.
The glyph named mu is mapped to U+03BC.
But its name indicates it should be mapped to U+00B5.
bakery_lint.tests.downstream.test_fontforge_validation_state.FontForgeValidateStateTest.test_allowed_numbers_paths_in_composite_glyphs(): OK
bakery_lint.tests.downstream.test_fontforge_validation_state.FontForgeValidateStateTest.test_allowed_numbers_paths_in_glyphs(): OK
bakery_lint.tests.downstream.test_fontforge_validation_state.FontForgeValidateStateTest.test_allowed_numbers_points_in_composite_glyphs(): OK
bakery_lint.tests.downstream.test_fontforge_validation_state.FontForgeValidateStateTest.test_allowed_numbers_points_in_glyphs(): OK
bakery_lint.tests.downstream.test_fontforge_validation_state.FontForgeValidateStateTest.test_duplicate_glyphs(): OK
bakery_lint.tests.downstream.test_fontforge_validation_state.FontForgeValidateStateTest.test_duplicate_unicode_codepoints(): OK
bakery_lint.tests.downstream.test_fontforge_validation_state.FontForgeValidateStateTest.test_flipped_reference_in_glyphs(): OK
bakery_lint.tests.downstream.test_fontforge_validation_state.FontForgeValidateStateTest.test_missing_anchors(): OK
bakery_lint.tests.downstream.test_fontforge_validation_state.FontForgeValidateStateTest.test_missing_extrema_in_glyphs(): OK
bakery_lint.tests.downstream.test_fontforge_validation_state.FontForgeValidateStateTest.test_overlapped_hints(): OK
bakery_lint.tests.downstream.test_fontforge_validation_state.FontForgeValidateStateTest.test_points_are_integer_aligned(): OK
bakery_lint.tests.downstream.test_fontforge_validation_state.FontForgeValidateStateTest.test_points_are_not_too_far_apart(): OK
bakery_lint.tests.downstream.test_fontforge_validation_state.FontForgeValidateStateTest.test_postscript_hasnt_limit_hints_in_glyphs(): OK
bakery_lint.tests.downstream.test_fontforge_validation_state.FontForgeValidateStateTest.test_postscript_hasnt_limit_points_in_glyphs(): OK
bakery_lint.tests.downstream.test_fontforge_validation_state.FontForgeValidateStateTest.test_referenced_glyphs_are_present(): OK
bakery_lint.tests.downstream.test_fontforge_validation_state.FontForgeValidateStateTest.test_valid_glyph_names(): OK
bakery_lint.tests.downstream.test_fontforge_validation_state.FontForgeValidateStateTest.test_valid_length_instructions(): OK
bakery_lint.tests.downstream.test_fontforge_validation_state.FontForgeValidateStateTest.test_validation_glyph_intersect(): OK
bakery_lint.tests.downstream.test_fontforge_validation_state.FontForgeValidateStateTest.test_validation_open_contours(): OK
bakery_lint.tests.downstream.test_fontforge_validation_state.FontForgeValidateStateTest.test_wrong_direction_in_glyphs(): OK
bakery_lint.tests.downstream.test_check_magic_prep_code.CheckMagicPREPByteCode.test_prep_magic_code(): OK
bakery_lint.tests.downstream.test_check_nbsp_width_matches_sp_width.CheckNbspWidthMatchesSpWidth.test_check_nbsp_width_matches_sp_width(): FAIL
$ fontbakery-fix-nbsp.py /home/travis/build/fontdirectory/jura/builds/build/Jura-Regular-TTF.ttf
$ mv /home/travis/build/fontdirectory/jura/builds/build/Jura-Regular-TTF.ttf.fix /home/travis/build/fontdirectory/jura/builds/build/Jura-Regular-TTF.ttf
bakery_lint.tests.downstream.test_check_nbsp_width_matches_sp_width.CheckNbspWidthMatchesSpWidth.test_check_nbsp_width_matches_sp_width(): FAIL
bakery_lint.tests.downstream.test_check_font_agreements.CheckFsTypeIsNotSet.test_is_fstype_not_set(): OK
$ fontbakery-fix-fstype.py --autofix /home/travis/build/fontdirectory/jura/builds/build/Jura-Regular-TTF.ttf
$ mv /home/travis/build/fontdirectory/jura/builds/build/Jura-Regular-TTF.ttf.fix /home/travis/build/fontdirectory/jura/builds/build/Jura-Regular-TTF.ttf
bakery_lint.tests.downstream.test_check_font_agreements.CheckFontAgreements.test_em_is_1000(): FAIL
bakery_lint.tests.downstream.test_check_font_agreements.CheckFontAgreements.test_font_is_font(): OK
bakery_lint.tests.downstream.test_check_font_agreements.CheckFontAgreements.test_latin_file_exists(): FAIL
bakery_lint.tests.downstream.test_check_font_agreements.CheckFontAgreements.test_menu_file_exists(): FAIL
bakery_lint.tests.downstream.test_check_names_same_across_platforms.CheckNamesSameAcrossPlatforms.test_check_names_same_across_platforms(): OK
bakery_lint.tests.downstream.test_check_full_font_name_begins_with_family_name.CheckFullFontNameBeginsWithFamilyName.test_check_full_font_name_begins_with_family_name(): OK
bakery_lint.tests.downstream.test_check_hmtx_hhea_max_advance_width_agreement.CheckHmtxHheaMaxAdvanceWidthAgreement.test_check_hmtx_hhea_max_advance_width_agreement(): OK
bakery_lint.tests.downstream.test_check_vertical_metrics.CheckVerticalLinegapMetrics.test_metrics_linegaps_are_zero(): OK
bakery_lint.tests.downstream.test_check_vertical_metrics.CheckVerticalAscentMetrics.test_metrics_ascents_equal_bbox(): FAIL
$ fontbakery-fix-vertical-metrics.py --autofix /home/travis/build/fontdirectory/jura/builds/build/Jura-Medium-TTF.ttf /home/travis/build/fontdirectory/jura/builds/build/Jura-Medium.ttf /home/travis/build/fontdirectory/jura/builds/build/Jura-DemiBold.ttf /home/travis/build/fontdirectory/jura/builds/build/Jura-Regular-TTF.ttf /home/travis/build/fontdirectory/jura/builds/build/Jura-Book.ttf /home/travis/build/fontdirectory/jura/builds/build/Jura-Light.ttf /home/travis/build/fontdirectory/jura/builds/build/Jura-Regular.ttf /home/travis/build/fontdirectory/jura/builds/build/Jura-DemiBold-TTF.ttf
$ mv /home/travis/build/fontdirectory/jura/builds/build/Jura-Medium-TTF.ttf.fix /home/travis/build/fontdirectory/jura/builds/build/Jura-Medium-TTF.ttf
$ mv /home/travis/build/fontdirectory/jura/builds/build/Jura-Medium.ttf.fix /home/travis/build/fontdirectory/jura/builds/build/Jura-Medium.ttf
$ mv /home/travis/build/fontdirectory/jura/builds/build/Jura-DemiBold.ttf.fix /home/travis/build/fontdirectory/jura/builds/build/Jura-DemiBold.ttf
$ mv /home/travis/build/fontdirectory/jura/builds/build/Jura-Regular-TTF.ttf.fix /home/travis/build/fontdirectory/jura/builds/build/Jura-Regular-TTF.ttf
$ mv /home/travis/build/fontdirectory/jura/builds/build/Jura-Book.ttf.fix /home/travis/build/fontdirectory/jura/builds/build/Jura-Book.ttf
$ mv /home/travis/build/fontdirectory/jura/builds/build/Jura-Light.ttf.fix /home/travis/build/fontdirectory/jura/builds/build/Jura-Light.ttf
$ mv /home/travis/build/fontdirectory/jura/builds/build/Jura-Regular.ttf.fix /home/travis/build/fontdirectory/jura/builds/build/Jura-Regular.ttf
$ mv /home/travis/build/fontdirectory/jura/builds/build/Jura-DemiBold-TTF.ttf.fix /home/travis/build/fontdirectory/jura/builds/build/Jura-DemiBold-TTF.ttf
$ fontbakery-fix-vertical-metrics.py /home/travis/build/fontdirectory/jura/builds/build/Jura-Medium-TTF.ttf /home/travis/build/fontdirectory/jura/builds/build/Jura-Medium.ttf /home/travis/build/fontdirectory/jura/builds/build/Jura-DemiBold.ttf /home/travis/build/fontdirectory/jura/builds/build/Jura-Regular-TTF.ttf /home/travis/build/fontdirectory/jura/builds/build/Jura-Book.ttf /home/travis/build/fontdirectory/jura/builds/build/Jura-Light.ttf /home/travis/build/fontdirectory/jura/builds/build/Jura-Regular.ttf /home/travis/build/fontdirectory/jura/builds/build/Jura-DemiBold-TTF.ttf
Parameter              Jura-Medium-TTF.ttf    Jura-Medium.ttf    Jura-DemiBold.ttf    Jura-Regular-TTF.ttf    Jura-Book.ttf    Jura-Light.ttf    Jura-Regular.ttf    Jura-DemiBold-TTF.ttf    
ymax                   1045                   827                842                  838                     838              833               838                 842                      
hhea.ascent            1045                   1045               1045                 1045                    1045             1045              1045                1045                     
OS/2.sTypoAscender     1045                   1045               1045                 1045                    1045             1045              1045                1045                     
OS/2.usWinAscent       1045                   1045               1045                 1045                    1045             1045              1045                1045                     
ymin                   -257                   -210               -209                 -205                    -205             -205              -205                -209                     
hhea.descent           -257                   -257               -257                 -257                    -257             -257              -257                -257                     
OS/2.sTypoDescender    -257                   -257               -257                 -257                    -257             -257              -257                -257                     
OS/2.usWinDescent      257                    257                257                  257                     257              257               257                 257                      
hhea.lineGap           0                      0                  0                    0                       0                0                 0                   0                        
OS/2.sTypoLineGap      0                      0                  0                    0                       0                0                 0                   0                        
hhea total             1302                   1302               1302                 1302                    1302             1302              1302                1302                     
typo total             1302                   1302               1302                 1302                    1302             1302              1302                1302                     
win total              1302                   1302               1302                 1302                    1302             1302              1302                1302                     
UPM:Heights            1024:1302              1024:1037          1024:1051            1024:1043               1024:1043        1024:1038         1024:1043           1024:1051                
UPM:Heights %          127 %                  101 %              102 %                101 %                   101 %            101 %             101 %               102 %                    


bakery_lint.tests.downstream.test_check_vertical_metrics.CheckVerticalAscentMetrics.test_metrics_ascents_equal_bbox(): OK
bakery_lint.tests.downstream.test_check_vertical_metrics.CheckVerticalDescentMetrics.test_metrics_descents_equal_bbox(): OK
bakery_lint.tests.downstream.test_gpos_table_has_kerning_info.CheckGposTableHasKerningInfo.test_gpos_table_has_kerning_info(): OK
bakery_lint.tests.downstream.test_check_name_table_recommendation.CheckStyleNameRecommendation.test_check_stylename_is_under_recommendations(): OK
bakery_lint.tests.downstream.test_check_name_table_recommendation.CheckOTFamilyNameRecommendation.test_check_opentype_familyname(): OK
bakery_lint.tests.downstream.test_check_name_table_recommendation.CheckOTStyleNameRecommendation.test_check_opentype_stylename(): FAIL
$ fontbakery-fix-opentype-names.py /home/travis/build/fontdirectory/jura/builds/build/Jura-Regular-TTF.ttf
$ mv /home/travis/build/fontdirectory/jura/builds/build/Jura-Regular-TTF.ttf.fix /home/travis/build/fontdirectory/jura/builds/build/Jura-Regular-TTF.ttf
bakery_lint.tests.downstream.test_check_name_table_recommendation.CheckOTStyleNameRecommendation.test_check_opentype_stylename(): OK
bakery_lint.tests.downstream.test_check_name_table_recommendation.CheckOTFullNameRecommendation.test_check_opentype_fullname(): OK
bakery_lint.tests.downstream.test_check_fontname_matches_macstyle.CheckFontNameEqualToMacStyleFlags.test_fontname_is_equal_to_macstyle(): FAIL
bakery_lint.tests.downstream.test_gasp_table_value.CheckGaspTableType.test_check_gasp_table_type(): OK
$ fontbakery-fix-gasp.py --set=15 /home/travis/build/fontdirectory/jura/builds/build/Jura-Regular-TTF.ttf
$ mv /home/travis/build/fontdirectory/jura/builds/build/Jura-Regular-TTF.ttf.fix /home/travis/build/fontdirectory/jura/builds/build/Jura-Regular-TTF.ttf
bakery_lint.tests.downstream.test_names_are_ascii_only.CheckNamesAreASCIIOnly.test_check_names_are_ascii_only(): OK
bakery_lint.tests.downstream.test_check_upm_heights_less_120.TestCheckUPMHeightsLess120.test_check_upm_heigths_less_120(): FAIL
bakery_lint.tests.downstream.test_check_font_tables.CheckFontHasDsigTable.test_check_font_has_dsig_table(): OK
bakery_lint.tests.downstream.test_check_font_tables.CheckFontHasNotKernTable.test_no_kern_table_exists(): OK
bakery_lint.tests.downstream.test_check_unused_glyph_data.CheckUnusedGlyphData.test_check_unused_glyph_data(): ERROR
bakery_lint.tests.downstream.test_check_panose_identification.CheckPanoseIdentification.test_check_panose_identification(): OK
bakery_lint.tests.downstream.test_check_no_problematic_formats.CheckNoProblematicFormats.test_check_no_problematic_formats(): OK
bakery_lint.tests.downstream.test_check_italic_angle_agreement.CheckItalicAngleAgreement.test_check_italic_angle_agreement(): OK
bakery_lint.tests.downstream.test_check_glyf_table_length.CheckGlyfTableLength.test_check_glyf_table_length(): FAIL
bakery_lint.tests.downstream.test_check_unencoded_glyph.TestFontUnencodedGlyph.test_font_unencoded_glyphs(): FAIL
$ fontbakery-fix-glyph-private-encoding.py --autofix /home/travis/build/fontdirectory/jura/builds/build/Jura-Regular-TTF.ttf
$ mv /home/travis/build/fontdirectory/jura/builds/build/Jura-Regular-TTF.ttf.fix /home/travis/build/fontdirectory/jura/builds/build/Jura-Regular-TTF.ttf
bakery_lint.tests.downstream.test_check_unencoded_glyph.TestFontUnencodedGlyph.test_font_unencoded_glyphs(): FAIL
bakery_lint.tests.downstream.test_check_glyph_existence.CheckGlyphExistence.test_euro(): OK
bakery_lint.tests.downstream.test_check_glyph_existence.CheckGlyphExistence.test_nbsp(): OK
bakery_lint.tests.downstream.test_check_glyph_existence.CheckGlyphExistence.test_space(): OK
### Optimize TTF Jura-Regular-TTF.ttf
$ ls -l 'Jura-Regular-TTF.ttf'* # look at the size savings of that subset process
Jura-Regular-TTF.ttf.opt: 128196 bytes
Jura-Regular-TTF.ttf: 136156 bytes
$ mv /home/travis/build/fontdirectory/jura/builds/build/Jura-Regular-TTF.ttf.opt /home/travis/build/fontdirectory/jura/builds/build/Jura-Regular-TTF.ttf
### Autohint TTFs (ttfautohint) Jura-Regular-TTF.ttf
$ ttfautohint -l 7 -r 28 -G 50 -x 13 -w "G" /home/travis/build/fontdirectory/jura/builds/build/Jura-Regular-TTF.ttf '/home/travis/build/fontdirectory/jura/builds/build/Jura-Regular-TTF.autohint.ttf'

$ ls -l /home/travis/build/fontdirectory/jura/builds/build/Jura-Regular-TTF.*ttf # look at the size savings of that subset process
/home/travis/build/fontdirectory/jura/builds/build/Jura-Regular-TTF.ttf: 128196 bytes
/home/travis/build/fontdirectory/jura/builds/build/Jura-Regular-TTF.autohint.ttf: 171372 bytes
$ mv /home/travis/build/fontdirectory/jura/builds/build/Jura-Regular-TTF.autohint.ttf /home/travis/build/fontdirectory/jura/builds/build/Jura-Regular-TTF.ttf
### Subset TTFs (pyftsubset) Jura-Regular-TTF.ttf
$ pyftsubset Jura-Regular-TTF.latin
$ pyftsubset Jura-Regular-TTF.menu
strippedname:/home/travis/build/fontdirectory/jura/builds/build/Jura-Regular-TTF.ttf
No nbsp glyph
spaceWidth is    260
nbspWidth is     0
Jura-Regular-TTF.ttf.fix made with spaceWidth and nbspWidth of 260
$ fontbakery-build-font2ttf.py sources/Jura-Light-TTF.sfd Jura-Light-TTF.ttf
Success: Generated OpenType-TTF (/home/travis/build/fontdirectory/jura/builds/build/Jura-Light-TTF.ttf)
### Test Jura-Light-TTF.ttf
$ fontbakery-check.py result Jura-Light-TTF.ttf
bakery_lint.tests.downstream.test_check_os2_width_class.CheckOS2WidthClass.test_check_os2_width_class(): OK
bakery_lint.tests.downstream.test_check_license_included.CheckLicenseIncluded.test_license_included_in_font_names(): OK
The following table(s) in the font have been ignored by FontForge
  Ignoring 'DSIG' digital signature table
The glyph named Delta is mapped to U+0394.
But its name indicates it should be mapped to U+2206.
The glyph named Omega is mapped to U+03A9.
But its name indicates it should be mapped to U+2126.
The glyph named mu is mapped to U+03BC.
But its name indicates it should be mapped to U+00B5.
bakery_lint.tests.downstream.test_fontforge_validation_state.FontForgeValidateStateTest.test_allowed_numbers_paths_in_composite_glyphs(): OK
bakery_lint.tests.downstream.test_fontforge_validation_state.FontForgeValidateStateTest.test_allowed_numbers_paths_in_glyphs(): OK
bakery_lint.tests.downstream.test_fontforge_validation_state.FontForgeValidateStateTest.test_allowed_numbers_points_in_composite_glyphs(): OK
bakery_lint.tests.downstream.test_fontforge_validation_state.FontForgeValidateStateTest.test_allowed_numbers_points_in_glyphs(): OK
bakery_lint.tests.downstream.test_fontforge_validation_state.FontForgeValidateStateTest.test_duplicate_glyphs(): OK
bakery_lint.tests.downstream.test_fontforge_validation_state.FontForgeValidateStateTest.test_duplicate_unicode_codepoints(): OK
bakery_lint.tests.downstream.test_fontforge_validation_state.FontForgeValidateStateTest.test_flipped_reference_in_glyphs(): OK
bakery_lint.tests.downstream.test_fontforge_validation_state.FontForgeValidateStateTest.test_missing_anchors(): OK
bakery_lint.tests.downstream.test_fontforge_validation_state.FontForgeValidateStateTest.test_missing_extrema_in_glyphs(): OK
bakery_lint.tests.downstream.test_fontforge_validation_state.FontForgeValidateStateTest.test_overlapped_hints(): OK
bakery_lint.tests.downstream.test_fontforge_validation_state.FontForgeValidateStateTest.test_points_are_integer_aligned(): OK
bakery_lint.tests.downstream.test_fontforge_validation_state.FontForgeValidateStateTest.test_points_are_not_too_far_apart(): OK
bakery_lint.tests.downstream.test_fontforge_validation_state.FontForgeValidateStateTest.test_postscript_hasnt_limit_hints_in_glyphs(): OK
bakery_lint.tests.downstream.test_fontforge_validation_state.FontForgeValidateStateTest.test_postscript_hasnt_limit_points_in_glyphs(): OK
bakery_lint.tests.downstream.test_fontforge_validation_state.FontForgeValidateStateTest.test_referenced_glyphs_are_present(): OK
bakery_lint.tests.downstream.test_fontforge_validation_state.FontForgeValidateStateTest.test_valid_glyph_names(): OK
bakery_lint.tests.downstream.test_fontforge_validation_state.FontForgeValidateStateTest.test_valid_length_instructions(): OK
bakery_lint.tests.downstream.test_fontforge_validation_state.FontForgeValidateStateTest.test_validation_glyph_intersect(): OK
bakery_lint.tests.downstream.test_fontforge_validation_state.FontForgeValidateStateTest.test_validation_open_contours(): OK
bakery_lint.tests.downstream.test_fontforge_validation_state.FontForgeValidateStateTest.test_wrong_direction_in_glyphs(): OK
bakery_lint.tests.downstream.test_check_magic_prep_code.CheckMagicPREPByteCode.test_prep_magic_code(): OK
bakery_lint.tests.downstream.test_check_nbsp_width_matches_sp_width.CheckNbspWidthMatchesSpWidth.test_check_nbsp_width_matches_sp_width(): FAIL
$ fontbakery-fix-nbsp.py /home/travis/build/fontdirectory/jura/builds/build/Jura-Light-TTF.ttf
$ mv /home/travis/build/fontdirectory/jura/builds/build/Jura-Light-TTF.ttf.fix /home/travis/build/fontdirectory/jura/builds/build/Jura-Light-TTF.ttf
bakery_lint.tests.downstream.test_check_nbsp_width_matches_sp_width.CheckNbspWidthMatchesSpWidth.test_check_nbsp_width_matches_sp_width(): FAIL
bakery_lint.tests.downstream.test_check_font_agreements.CheckFsTypeIsNotSet.test_is_fstype_not_set(): OK
$ fontbakery-fix-fstype.py --autofix /home/travis/build/fontdirectory/jura/builds/build/Jura-Light-TTF.ttf
$ mv /home/travis/build/fontdirectory/jura/builds/build/Jura-Light-TTF.ttf.fix /home/travis/build/fontdirectory/jura/builds/build/Jura-Light-TTF.ttf
bakery_lint.tests.downstream.test_check_font_agreements.CheckFontAgreements.test_em_is_1000(): FAIL
bakery_lint.tests.downstream.test_check_font_agreements.CheckFontAgreements.test_font_is_font(): OK
bakery_lint.tests.downstream.test_check_font_agreements.CheckFontAgreements.test_latin_file_exists(): FAIL
bakery_lint.tests.downstream.test_check_font_agreements.CheckFontAgreements.test_menu_file_exists(): FAIL
bakery_lint.tests.downstream.test_check_names_same_across_platforms.CheckNamesSameAcrossPlatforms.test_check_names_same_across_platforms(): OK
bakery_lint.tests.downstream.test_check_full_font_name_begins_with_family_name.CheckFullFontNameBeginsWithFamilyName.test_check_full_font_name_begins_with_family_name(): OK
bakery_lint.tests.downstream.test_check_hmtx_hhea_max_advance_width_agreement.CheckHmtxHheaMaxAdvanceWidthAgreement.test_check_hmtx_hhea_max_advance_width_agreement(): OK
bakery_lint.tests.downstream.test_check_vertical_metrics.CheckVerticalLinegapMetrics.test_metrics_linegaps_are_zero(): OK
bakery_lint.tests.downstream.test_check_vertical_metrics.CheckVerticalAscentMetrics.test_metrics_ascents_equal_bbox(): FAIL
$ fontbakery-fix-vertical-metrics.py --autofix /home/travis/build/fontdirectory/jura/builds/build/Jura-Medium-TTF.ttf /home/travis/build/fontdirectory/jura/builds/build/Jura-Medium.ttf /home/travis/build/fontdirectory/jura/builds/build/Jura-DemiBold.ttf /home/travis/build/fontdirectory/jura/builds/build/Jura-Regular-TTF.ttf /home/travis/build/fontdirectory/jura/builds/build/Jura-Book.ttf /home/travis/build/fontdirectory/jura/builds/build/Jura-Light.ttf /home/travis/build/fontdirectory/jura/builds/build/Jura-Regular.ttf /home/travis/build/fontdirectory/jura/builds/build/Jura-DemiBold-TTF.ttf /home/travis/build/fontdirectory/jura/builds/build/Jura-Light-TTF.ttf
$ mv /home/travis/build/fontdirectory/jura/builds/build/Jura-Medium-TTF.ttf.fix /home/travis/build/fontdirectory/jura/builds/build/Jura-Medium-TTF.ttf
$ mv /home/travis/build/fontdirectory/jura/builds/build/Jura-Medium.ttf.fix /home/travis/build/fontdirectory/jura/builds/build/Jura-Medium.ttf
$ mv /home/travis/build/fontdirectory/jura/builds/build/Jura-DemiBold.ttf.fix /home/travis/build/fontdirectory/jura/builds/build/Jura-DemiBold.ttf
$ mv /home/travis/build/fontdirectory/jura/builds/build/Jura-Regular-TTF.ttf.fix /home/travis/build/fontdirectory/jura/builds/build/Jura-Regular-TTF.ttf
$ mv /home/travis/build/fontdirectory/jura/builds/build/Jura-Book.ttf.fix /home/travis/build/fontdirectory/jura/builds/build/Jura-Book.ttf
$ mv /home/travis/build/fontdirectory/jura/builds/build/Jura-Light.ttf.fix /home/travis/build/fontdirectory/jura/builds/build/Jura-Light.ttf
$ mv /home/travis/build/fontdirectory/jura/builds/build/Jura-Regular.ttf.fix /home/travis/build/fontdirectory/jura/builds/build/Jura-Regular.ttf
$ mv /home/travis/build/fontdirectory/jura/builds/build/Jura-DemiBold-TTF.ttf.fix /home/travis/build/fontdirectory/jura/builds/build/Jura-DemiBold-TTF.ttf
$ mv /home/travis/build/fontdirectory/jura/builds/build/Jura-Light-TTF.ttf.fix /home/travis/build/fontdirectory/jura/builds/build/Jura-Light-TTF.ttf
$ fontbakery-fix-vertical-metrics.py /home/travis/build/fontdirectory/jura/builds/build/Jura-Medium-TTF.ttf /home/travis/build/fontdirectory/jura/builds/build/Jura-Medium.ttf /home/travis/build/fontdirectory/jura/builds/build/Jura-DemiBold.ttf /home/travis/build/fontdirectory/jura/builds/build/Jura-Regular-TTF.ttf /home/travis/build/fontdirectory/jura/builds/build/Jura-Book.ttf /home/travis/build/fontdirectory/jura/builds/build/Jura-Light.ttf /home/travis/build/fontdirectory/jura/builds/build/Jura-Regular.ttf /home/travis/build/fontdirectory/jura/builds/build/Jura-DemiBold-TTF.ttf /home/travis/build/fontdirectory/jura/builds/build/Jura-Light-TTF.ttf
Parameter              Jura-Medium-TTF.ttf    Jura-Medium.ttf    Jura-DemiBold.ttf    Jura-Regular-TTF.ttf    Jura-Book.ttf    Jura-Light.ttf    Jura-Regular.ttf    Jura-DemiBold-TTF.ttf    Jura-Light-TTF.ttf    
ymax                   1045                   827                842                  838                     838              833               838                 842                      833                   
hhea.ascent            1045                   1045               1045                 1045                    1045             1045              1045                1045                     1045                  
OS/2.sTypoAscender     1045                   1045               1045                 1045                    1045             1045              1045                1045                     1045                  
OS/2.usWinAscent       1045                   1045               1045                 1045                    1045             1045              1045                1045                     1045                  
ymin                   -257                   -210               -209                 -205                    -205             -205              -205                -209                     -205                  
hhea.descent           -257                   -257               -257                 -257                    -257             -257              -257                -257                     -257                  
OS/2.sTypoDescender    -257                   -257               -257                 -257                    -257             -257              -257                -257                     -257                  
OS/2.usWinDescent      257                    257                257                  257                     257              257               257                 257                      257                   
hhea.lineGap           0                      0                  0                    0                       0                0                 0                   0                        0                     
OS/2.sTypoLineGap      0                      0                  0                    0                       0                0                 0                   0                        0                     
hhea total             1302                   1302               1302                 1302                    1302             1302              1302                1302                     1302                  
typo total             1302                   1302               1302                 1302                    1302             1302              1302                1302                     1302                  
win total              1302                   1302               1302                 1302                    1302             1302              1302                1302                     1302                  
UPM:Heights            1024:1302              1024:1037          1024:1051            1024:1043               1024:1043        1024:1038         1024:1043           1024:1051                1024:1038             
UPM:Heights %          127 %                  101 %              102 %                101 %                   101 %            101 %             101 %               102 %                    101 %                 


bakery_lint.tests.downstream.test_check_vertical_metrics.CheckVerticalAscentMetrics.test_metrics_ascents_equal_bbox(): OK
bakery_lint.tests.downstream.test_check_vertical_metrics.CheckVerticalDescentMetrics.test_metrics_descents_equal_bbox(): OK
bakery_lint.tests.downstream.test_gpos_table_has_kerning_info.CheckGposTableHasKerningInfo.test_gpos_table_has_kerning_info(): OK
bakery_lint.tests.downstream.test_check_name_table_recommendation.CheckStyleNameRecommendation.test_check_stylename_is_under_recommendations(): FAIL
$ fontbakery-fix-opentype-names.py /home/travis/build/fontdirectory/jura/builds/build/Jura-Light-TTF.ttf
$ mv /home/travis/build/fontdirectory/jura/builds/build/Jura-Light-TTF.ttf.fix /home/travis/build/fontdirectory/jura/builds/build/Jura-Light-TTF.ttf
bakery_lint.tests.downstream.test_check_name_table_recommendation.CheckStyleNameRecommendation.test_check_stylename_is_under_recommendations(): FAIL
bakery_lint.tests.downstream.test_check_name_table_recommendation.CheckOTFamilyNameRecommendation.test_check_opentype_familyname(): OK
bakery_lint.tests.downstream.test_check_name_table_recommendation.CheckOTStyleNameRecommendation.test_check_opentype_stylename(): FAIL
$ fontbakery-fix-opentype-names.py /home/travis/build/fontdirectory/jura/builds/build/Jura-Light-TTF.ttf
$ mv /home/travis/build/fontdirectory/jura/builds/build/Jura-Light-TTF.ttf.fix /home/travis/build/fontdirectory/jura/builds/build/Jura-Light-TTF.ttf
bakery_lint.tests.downstream.test_check_name_table_recommendation.CheckOTStyleNameRecommendation.test_check_opentype_stylename(): FAIL
bakery_lint.tests.downstream.test_check_name_table_recommendation.CheckOTFullNameRecommendation.test_check_opentype_fullname(): OK
bakery_lint.tests.downstream.test_check_fontname_matches_macstyle.CheckFontNameEqualToMacStyleFlags.test_fontname_is_equal_to_macstyle(): FAIL
bakery_lint.tests.downstream.test_gasp_table_value.CheckGaspTableType.test_check_gasp_table_type(): OK
$ fontbakery-fix-gasp.py --set=15 /home/travis/build/fontdirectory/jura/builds/build/Jura-Light-TTF.ttf
$ mv /home/travis/build/fontdirectory/jura/builds/build/Jura-Light-TTF.ttf.fix /home/travis/build/fontdirectory/jura/builds/build/Jura-Light-TTF.ttf
bakery_lint.tests.downstream.test_names_are_ascii_only.CheckNamesAreASCIIOnly.test_check_names_are_ascii_only(): OK
bakery_lint.tests.downstream.test_check_upm_heights_less_120.TestCheckUPMHeightsLess120.test_check_upm_heigths_less_120(): FAIL
bakery_lint.tests.downstream.test_check_font_tables.CheckFontHasDsigTable.test_check_font_has_dsig_table(): OK
bakery_lint.tests.downstream.test_check_font_tables.CheckFontHasNotKernTable.test_no_kern_table_exists(): OK
bakery_lint.tests.downstream.test_check_unused_glyph_data.CheckUnusedGlyphData.test_check_unused_glyph_data(): ERROR
bakery_lint.tests.downstream.test_check_panose_identification.CheckPanoseIdentification.test_check_panose_identification(): OK
bakery_lint.tests.downstream.test_check_no_problematic_formats.CheckNoProblematicFormats.test_check_no_problematic_formats(): OK
bakery_lint.tests.downstream.test_check_italic_angle_agreement.CheckItalicAngleAgreement.test_check_italic_angle_agreement(): OK
bakery_lint.tests.downstream.test_check_glyf_table_length.CheckGlyfTableLength.test_check_glyf_table_length(): FAIL
bakery_lint.tests.downstream.test_check_unencoded_glyph.TestFontUnencodedGlyph.test_font_unencoded_glyphs(): FAIL
$ fontbakery-fix-glyph-private-encoding.py --autofix /home/travis/build/fontdirectory/jura/builds/build/Jura-Light-TTF.ttf
$ mv /home/travis/build/fontdirectory/jura/builds/build/Jura-Light-TTF.ttf.fix /home/travis/build/fontdirectory/jura/builds/build/Jura-Light-TTF.ttf
bakery_lint.tests.downstream.test_check_unencoded_glyph.TestFontUnencodedGlyph.test_font_unencoded_glyphs(): FAIL
bakery_lint.tests.downstream.test_check_glyph_existence.CheckGlyphExistence.test_euro(): OK
bakery_lint.tests.downstream.test_check_glyph_existence.CheckGlyphExistence.test_nbsp(): OK
bakery_lint.tests.downstream.test_check_glyph_existence.CheckGlyphExistence.test_space(): OK
### Optimize TTF Jura-Light-TTF.ttf
$ ls -l 'Jura-Light-TTF.ttf'* # look at the size savings of that subset process
Jura-Light-TTF.ttf.opt: 124188 bytes
Jura-Light-TTF.ttf: 132216 bytes
$ mv /home/travis/build/fontdirectory/jura/builds/build/Jura-Light-TTF.ttf.opt /home/travis/build/fontdirectory/jura/builds/build/Jura-Light-TTF.ttf
### Autohint TTFs (ttfautohint) Jura-Light-TTF.ttf
$ ttfautohint -l 7 -r 28 -G 50 -x 13 -w "G" /home/travis/build/fontdirectory/jura/builds/build/Jura-Light-TTF.ttf '/home/travis/build/fontdirectory/jura/builds/build/Jura-Light-TTF.autohint.ttf'

$ ls -l /home/travis/build/fontdirectory/jura/builds/build/Jura-Light-TTF.*ttf # look at the size savings of that subset process
/home/travis/build/fontdirectory/jura/builds/build/Jura-Light-TTF.ttf: 124188 bytes
/home/travis/build/fontdirectory/jura/builds/build/Jura-Light-TTF.autohint.ttf: 171904 bytes
$ mv /home/travis/build/fontdirectory/jura/builds/build/Jura-Light-TTF.autohint.ttf /home/travis/build/fontdirectory/jura/builds/build/Jura-Light-TTF.ttf
### Subset TTFs (pyftsubset) Jura-Light-TTF.ttf
$ pyftsubset Jura-Light-TTF.latin
$ pyftsubset Jura-Light-TTF.menu
strippedname:/home/travis/build/fontdirectory/jura/builds/build/Jura-Light-TTF.ttf
No nbsp glyph
spaceWidth is    260
nbspWidth is     0
Jura-Light-TTF.ttf.fix made with spaceWidth and nbspWidth of 260
### (5 of 6) Generate METADATA.json (fontbakery-build-metadata.py)
$ fontbakery-build-metadata.py /home/travis/build/fontdirectory/jura/builds/build
{} exists
No Designer Name known, using Multiple Designers for now...
Original size: 312332\nGzip size: 140905
Family Name: Jura
PS Name: Jura-Medium
Full Name: Jura Medium
Style: normal
Weight: 500
Filename: Jura-Medium-TTF.ttf
Copyright: Copyright (c) 2009, 2010, 2011 Daniel Johnson (<il.basso.buffo@gmail.com>).
Family Name: Jura
PS Name: Jura-Medium
Full Name: Jura Medium
Style: normal
Weight: 500
Filename: Jura-Medium.ttf
Copyright: Copyright 2009, 2010, 2011 by Daniel Johnson.  Released under the terms of the Open Font License v1.1.
Family Name: Jura
PS Name: Jura-DemiBold
Full Name: Jura DemiBold
Style: normal
Weight: 600
Filename: Jura-DemiBold.ttf
Copyright: Copyright 2009, 2010, 2011 by Daniel Johnson.  Released under the terms of the Open Font License.
Family Name: Jura
PS Name: Jura-Regular
Full Name: Jura Regular
Style: normal
Weight: 400
Filename: Jura-Regular-TTF.ttf
Copyright: Copyright 2009, 2010, 2011 by Daniel Johnson.  Released under the terms of the Open Font License v1.1.
Family Name: Jura
PS Name: JuraBook
Full Name: JuraBook
Style: normal
Weight: 400
Filename: Jura-Book.ttf
Copyright: Copyright 2009, 2010, 2011 by Daniel Johnson.  Released under the terms of the Open Font License.
Family Name: Jura
PS Name: JuraLight
Full Name: JuraLight
Style: normal
Weight: 300
Filename: Jura-Light.ttf
Copyright: Copyright 2009, 2010, 2011 by Daniel Johnson.  Released under the terms of the Open Font License.
Family Name: Jura
PS Name: Jura-Regular
Full Name: Jura Regular
Style: normal
Weight: 400
Filename: Jura-Regular.ttf
Copyright: Copyright 2009, 2010, 2011 by Daniel Johnson.  Released under the terms of the Open Font License v1.1.
Family Name: Jura
PS Name: Jura-DemiBold
Full Name: Jura DemiBold
Style: normal
Weight: 600
Filename: Jura-DemiBold-TTF.ttf
Copyright: Copyright 2009, 2010, 2011 by Daniel Johnson.  Released under the terms of the Open Font License.
Family Name: Jura
PS Name: Jura-Light
Full Name: Jura Light
Style: normal
Weight: 300
Filename: Jura-Light-TTF.ttf
Copyright: Copyright 2009, 2010, 2011 by Daniel Johnson.  Released under the terms of the Open Font License v1.1.
### (6 of 6) Run tests for METADATA.json
$ fontbakery-check.py metadata METADATA.json
bakery_lint.tests.metadata_test.MetadataSubsetsListTest.test_charset_cyrillic(): FAIL
bakery_lint.tests.metadata_test.MetadataSubsetsListTest.test_charset_cyrillic_ext(): FAIL
bakery_lint.tests.metadata_test.MetadataSubsetsListTest.test_charset_greek(): FAIL
bakery_lint.tests.metadata_test.MetadataSubsetsListTest.test_charset_greek_ext(): FAIL
bakery_lint.tests.metadata_test.MetadataSubsetsListTest.test_charset_latin(): OK
bakery_lint.tests.metadata_test.MetadataSubsetsListTest.test_charset_latin_ext(): FAIL
bakery_lint.tests.metadata_test.MetadataSubsetsListTest.test_charset_menu(): OK
bakery_lint.tests.metadata_test.MetadataTest.test_description_is_more_than_500b(): OK
bakery_lint.tests.metadata_test.MetadataTest.test_description_is_valid_html(): OK
bakery_lint.tests.metadata_test.MetadataTest.test_does_not_familyName_exist_in_daltonmaag_catalogue(): FAIL
bakery_lint.tests.metadata_test.MetadataTest.test_does_not_familyName_exist_in_fontbureau_catalogue(): OK
bakery_lint.tests.metadata_test.MetadataTest.test_does_not_familyName_exist_in_fontscom_catalogue(): OK
bakery_lint.tests.metadata_test.MetadataTest.test_does_not_familyName_exist_in_fontshop_catalogue(): FAIL
bakery_lint.tests.metadata_test.MetadataTest.test_does_not_familyName_exist_in_fontsmith_catalogue(): FAIL
bakery_lint.tests.metadata_test.MetadataTest.test_does_not_familyName_exist_in_houseind_catalogue(): OK
bakery_lint.tests.metadata_test.MetadataTest.test_does_not_familyName_exist_in_myfonts_catalogue(): OK
bakery_lint.tests.metadata_test.MetadataTest.test_does_not_familyName_exist_in_veer_catalogue(): OK
bakery_lint.tests.metadata_test.MetadataTest.test_family_is_listed_in_gwf(): OK
bakery_lint.tests.metadata_test.MetadataTest.test_metadata_atleast_latin_menu_subsets_exist(): OK
/home/travis/virtualenv/python2.7.8/lib/python2.7/site-packages/bakery_lint/tests/metadata_test.py:141: UnicodeWarning: Unicode equal comparison failed to convert both arguments to Unicode - interpreting them as being unequal
  self.assertTrue(designer in designers,
bakery_lint.tests.metadata_test.MetadataTest.test_metadata_designer_exists_in_profiles_csv(): OK
bakery_lint.tests.metadata_test.MetadataTest.test_metadata_fonts_items_dicts(): OK
bakery_lint.tests.metadata_test.MetadataTest.test_metadata_fonts_key_list(): OK
bakery_lint.tests.metadata_test.MetadataTest.test_metadata_fonts_no_dupes(): OK
bakery_lint.tests.metadata_test.MetadataTest.test_metadata_has_unique_style_weight_pairs(): OK
bakery_lint.tests.metadata_test.MetadataTest.test_metadata_keys(): OK
bakery_lint.tests.metadata_test.MetadataTest.test_metadata_license(): OK
bakery_lint.tests.metadata_test.MetadataTest.test_metadata_no_unknown_top_keys(): OK
bakery_lint.tests.metadata_test.MetadataTest.test_metadata_subsets_key_list(): OK
bakery_lint.tests.metadata_test.MetadataTest.test_metadata_top_keys_types(): OK
bakery_lint.tests.downstream.test_check_files_menu_agreements.CheckFontsMenuAgreements.test_menu_file_agreement(): OK
bakery_lint.tests.downstream.test_check_monospace_agreements.CheckMonospaceAgreement.test_check_monospace_agreement(): OK
bakery_lint.tests.downstream.test_metadata_font_copyright.CheckMetadataContainsReservedFontName.test_copyright_contains_correct_rfn(): FAIL
bakery_lint.tests.downstream.test_metadata_font_copyright.CheckMetadataContainsReservedFontName.test_copyright_is_consistent_across_family(): FAIL
bakery_lint.tests.downstream.test_metadata_font_copyright.CheckMetadataContainsReservedFontName.test_copyright_matches_pattern(): FAIL
bakery_lint.tests.downstream.test_metadata_font_copyright.CheckMetadataContainsReservedFontName.test_metadata_copyright_size(): OK
bakery_lint.tests.downstream.test_check_metadata_style_matches_names.CheckItalicStyleMatchesMacStyle.test_check_italic_style_matches_names(): OK
bakery_lint.tests.downstream.test_check_metadata_style_matches_names.CheckNormalStyleMatchesMacStyle.test_check_normal_style_matches_names(): OK
bakery_lint.tests.downstream.test_check_canonical_styles.CheckCanonicalStyles.test_check_canonical_styles(): OK
bakery_lint.tests.downstream.test_check_familyname_matches_fontnames.CheckFamilyNameMatchesFontNames.test_check_familyname_matches_fontnames(): OK
bakery_lint.tests.downstream.test_metadata_agreements.TestFontOnDiskFamilyEqualToMetadataJSON.test_font_on_disk_family_equal_in_metadata_json(): OK
bakery_lint.tests.downstream.test_metadata_agreements.TestPostScriptNameInMetadataEqualFontOnDisk.test_postscriptname_in_metadata_equal_to_font_on_disk(): FAIL
bakery_lint.tests.downstream.test_metadata_agreements.CheckMetadataAgreements.test_font_name_matches_family(): OK
bakery_lint.tests.downstream.test_metadata_agreements.CheckMetadataAgreements.test_metadata_family_values_are_all_the_same(): OK
bakery_lint.tests.downstream.test_metadata_agreements.CheckMetadataAgreements.test_metadata_filename_matches_postscriptname(): OK
bakery_lint.tests.downstream.test_metadata_agreements.CheckMetadataAgreements.test_metadata_font_have_regular(): OK
bakery_lint.tests.downstream.test_metadata_agreements.CheckMetadataAgreements.test_metadata_fonts_fields_have_fontname(): OK
bakery_lint.tests.downstream.test_metadata_agreements.CheckMetadataAgreements.test_metadata_fullname_is_equal_to_internal_font_fullname(): FAIL
bakery_lint.tests.downstream.test_metadata_agreements.CheckMetadataAgreements.test_metadata_fullname_matches_postScriptName(): OK
bakery_lint.tests.downstream.test_metadata_agreements.CheckMetadataAgreements.test_metadata_regular_is_400(): OK
bakery_lint.tests.downstream.test_metadata_agreements.CheckMetadataAgreements.test_metadata_regular_is_normal(): OK
bakery_lint.tests.downstream.test_check_text_files_exist.CheckTextFilesExist.test_copyrighttxt_exists(): FAIL
bakery_lint.tests.downstream.test_check_text_files_exist.CheckTextFilesExist.test_description_exists(): OK
bakery_lint.tests.downstream.test_check_text_files_exist.CheckTextFilesExist.test_fontlogtxt_exists(): OK
bakery_lint.tests.downstream.test_check_text_files_exist.CheckTextFilesExist.test_licensetxt_exists(): FAIL
bakery_lint.tests.downstream.test_check_glyph_consistency.CheckGlyphConsistencyInFamily.test_the_same_encodings_of_glyphs_across_family(): OK
bakery_lint.tests.downstream.test_check_glyph_consistency.CheckGlyphConsistencyInFamily.test_the_same_names_of_glyphs_across_family(): OK
bakery_lint.tests.downstream.test_check_glyph_consistency.CheckGlyphConsistencyInFamily.test_the_same_number_of_glyphs_across_family(): OK
bakery_lint.tests.downstream.test_check_canonical_weights.CheckCanonicalWeights.test_check_canonical_weights(): OK
bakery_lint.tests.downstream.test_check_canonical_weights.CheckPostScriptNameMatchesWeight.test_postscriptname_contains_correct_weight(): FAIL
bakery_lint.tests.downstream.test_check_canonical_weights.CheckFontWeightSameAsInMetadata.test_font_weight_same_as_in_metadata(): OK
bakery_lint.tests.downstream.test_check_canonical_weights.CheckFullNameEqualCanonicalName.test_metadata_contains_current_font(): OK
bakery_lint.tests.downstream.test_check_font_name_not_in_camelcase.CheckFontNameNotInCamelCase.test_fontname_not_in_camel_case(): OK
bakery_lint.tests.downstream.test_check_metadata_fields.CheckMetadataFields.test_check_metadata_fields(): OK
bakery_lint.tests.downstream.test_check_metadata_matches_nametable.CheckMetadataMatchesNameTable.test_check_metadata_matches_nametable(): FAIL
bakery_lint.tests.downstream.test_check_menu_contains_proper_glyphs.CheckMenuSubsetContainsProperGlyphs.test_check_menu_contains_proper_glyphs(): FAIL
bakery_lint.tests.downstream.test_check_subsets_exists.CheckSubsetsExist.test_check_subsets_exists(): FAIL
bakery_lint.tests.downstream.test_check_canonical_filenames.CheckCanonicalFilenames.test_check_canonical_filenames(): FAIL
{
  "name": "Jura", 
  "designer": "Daniel Johnson", 
  "license": "OFL", 
  "visibility": "External", 
  "category": "Sans Serif", 
  "size": 154325, 
  "fonts": [
    {
      "name": "Jura", 
      "postScriptName": "Jura-Medium", 
      "fullName": "Jura Medium", 
      "style": "normal", 
      "weight": 500, 
      "filename": "Jura-Medium-TTF.ttf", 
      "copyright": "Copyright (c) 2009, 2010, 2011 Daniel Johnson (<il.basso.buffo@gmail.com>)."
    }, 
    {
      "name": "Jura", 
      "postScriptName": "Jura-Medium", 
      "fullName": "Jura Medium", 
      "style": "normal", 
      "weight": 500, 
      "filename": "Jura-Medium.ttf", 
      "copyright": "Copyright 2009, 2010, 2011 by Daniel Johnson.  Released under the terms of the Open Font License v1.1."
    }, 
    {
      "name": "Jura", 
      "postScriptName": "Jura-DemiBold", 
      "fullName": "Jura DemiBold", 
      "style": "normal", 
      "weight": 600, 
      "filename": "Jura-DemiBold.ttf", 
      "copyright": "Copyright 2009, 2010, 2011 by Daniel Johnson.  Released under the terms of the Open Font License."
    }, 
    {
      "name": "Jura", 
      "postScriptName": "Jura-Regular", 
      "fullName": "Jura Regular", 
      "style": "normal", 
      "weight": 400, 
      "filename": "Jura-Regular-TTF.ttf", 
      "copyright": "Copyright 2009, 2010, 2011 by Daniel Johnson.  Released under the terms of the Open Font License v1.1."
    }, 
    {
      "name": "Jura", 
      "postScriptName": "JuraBook", 
      "fullName": "JuraBook", 
      "style": "normal", 
      "weight": 400, 
      "filename": "Jura-Book.ttf", 
      "copyright": "Copyright 2009, 2010, 2011 by Daniel Johnson.  Released under the terms of the Open Font License."
    }, 
    {
      "name": "Jura", 
      "postScriptName": "JuraLight", 
      "fullName": "JuraLight", 
      "style": "normal", 
      "weight": 300, 
      "filename": "Jura-Light.ttf", 
      "copyright": "Copyright 2009, 2010, 2011 by Daniel Johnson.  Released under the terms of the Open Font License."
    }, 
    {
      "name": "Jura", 
      "postScriptName": "Jura-Regular", 
      "fullName": "Jura Regular", 
      "style": "normal", 
      "weight": 400, 
      "filename": "Jura-Regular.ttf", 
      "copyright": "Copyright 2009, 2010, 2011 by Daniel Johnson.  Released under the terms of the Open Font License v1.1."
    }, 
    {
      "name": "Jura", 
      "postScriptName": "Jura-DemiBold", 
      "fullName": "Jura DemiBold", 
      "style": "normal", 
      "weight": 600, 
      "filename": "Jura-DemiBold-TTF.ttf", 
      "copyright": "Copyright 2009, 2010, 2011 by Daniel Johnson.  Released under the terms of the Open Font License."
    }, 
    {
      "name": "Jura", 
      "postScriptName": "Jura-Light", 
      "fullName": "Jura Light", 
      "style": "normal", 
      "weight": 300, 
      "filename": "Jura-Light-TTF.ttf", 
      "copyright": "Copyright 2009, 2010, 2011 by Daniel Johnson.  Released under the terms of the Open Font License v1.1."
    }
  ], 
  "subsets": [
    "latin", 
    "menu"
  ], 
  "dateAdded": "2011-05-18"
}
